[19:56:12 DBG] Recyclarr Version: 8.4.0+Branch.master.Sha.1fcf3eba781128b5e36140e58da2c20edd9b5541
[19:56:12 DBG] App Data Dir: /config
[19:56:12 INF] Initializing provider: official (type: trash-guides)
[19:56:12 DBG] Using URL: https://github.com/TRaSH-Guides/Guides.git, Refs: ["master","main"]
[19:56:12 DBG] Initializing new repository at /data/resources/trash-guides/git/official
[19:56:12 DBG] Executing git command with args: ["init"]
[19:56:12 DBG] Command Output: Initialized empty Git repository in /data/resources/trash-guides/git/official/.git/
[19:56:12 DBG] Attempting to fetch reference: master
[19:56:12 DBG] Executing git command with args: ["fetch","--depth","1","https://github.com/TRaSH-Guides/Guides.git","master"]
[19:56:18 DBG] Command Output:
[19:56:18 DBG] Successfully fetched reference: master
[19:56:18 DBG] Executing git command with args: ["reset","--hard","FETCH_HEAD"]
[19:56:18 DBG] Command Output: HEAD is now at c33c7e4 chore(deps): update actions/setup-node action to v6.3.0 (#2644)
[19:56:18 DBG] MapResourcePaths called for provider official at /data/resources/trash-guides/git/official
[19:56:18 DBG] Provider official: GlobJsonFiles received 1 paths
[19:56:18 DBG] Provider official: Checking docs/json/radarr/cf (Exists: True)
[19:56:18 DBG] Provider official: Found 207 files in docs/json/radarr/cf
[19:56:18 DBG] Provider official: GlobJsonFiles received 1 paths
[19:56:18 DBG] Provider official: Checking docs/json/radarr/quality-size (Exists: True)
[19:56:18 DBG] Provider official: Found 4 files in docs/json/radarr/quality-size
[19:56:18 DBG] Provider official: GlobJsonFiles received 1 paths
[19:56:18 DBG] Provider official: Checking docs/json/radarr/naming (Exists: True)
[19:56:18 DBG] Provider official: Found 1 files in docs/json/radarr/naming
[19:56:18 DBG] Provider official: GlobJsonFiles received 1 paths
[19:56:18 DBG] Provider official: Checking docs/json/sonarr/cf (Exists: True)
[19:56:18 DBG] Provider official: Found 199 files in docs/json/sonarr/cf
[19:56:18 DBG] Provider official: GlobJsonFiles received 1 paths
[19:56:18 DBG] Provider official: Checking docs/json/sonarr/quality-size (Exists: True)
[19:56:18 DBG] Provider official: Found 2 files in docs/json/sonarr/quality-size
[19:56:18 DBG] Provider official: GlobJsonFiles received 1 paths
[19:56:18 DBG] Provider official: Checking docs/json/sonarr/naming (Exists: True)
[19:56:18 DBG] Provider official: Found 1 files in docs/json/sonarr/naming
[19:56:18 DBG] Provider official: GlobJsonFiles received 1 paths
[19:56:18 DBG] Provider official: Checking docs/json/radarr/cf-groups (Exists: True)
[19:56:18 DBG] Provider official: Found 20 files in docs/json/radarr/cf-groups
[19:56:18 DBG] Provider official: GlobJsonFiles received 1 paths
[19:56:18 DBG] Provider official: Checking docs/json/sonarr/cf-groups (Exists: True)
[19:56:18 DBG] Provider official: Found 16 files in docs/json/sonarr/cf-groups
[19:56:18 DBG] Provider official: GlobJsonFiles received 1 paths
[19:56:18 DBG] Provider official: Checking docs/json/radarr/quality-profiles (Exists: True)
[19:56:18 DBG] Provider official: Found 33 files in docs/json/radarr/quality-profiles
[19:56:18 DBG] Provider official: GlobJsonFiles received 1 paths
[19:56:18 DBG] Provider official: Checking docs/json/sonarr/quality-profiles (Exists: True)
[19:56:18 DBG] Provider official: Found 17 files in docs/json/sonarr/quality-profiles
[19:56:18 INF] Initializing provider: official (type: config-templates)
[19:56:18 DBG] Using URL: https://github.com/recyclarr/config-templates.git, Refs: ["v8","master","main"]
[19:56:18 DBG] Initializing new repository at /data/resources/config-templates/git/official
[19:56:18 DBG] Executing git command with args: ["init"]
[19:56:19 DBG] Command Output: Initialized empty Git repository in /data/resources/config-templates/git/official/.git/
[19:56:19 DBG] Attempting to fetch reference: v8
[19:56:19 DBG] Executing git command with args: ["fetch","--depth","1","https://github.com/recyclarr/config-templates.git","v8"]
[19:56:20 DBG] Command Output:
[19:56:20 DBG] Successfully fetched reference: v8
[19:56:20 DBG] Executing git command with args: ["reset","--hard","FETCH_HEAD"]
[19:56:20 DBG] Command Output: HEAD is now at 63f45db feat: add inline documentation and schema directive to templates (#175)
[19:56:20 DBG] Loading config file: /config/configs/radarr-4k.yaml
[19:56:20 DBG] Loading config file: /config/configs/sonarr-series.yaml
[19:56:20 DBG] Loading config file: /config/configs/radarr-anime.yaml
[19:56:20 DBG] Loading config file: /config/configs/radarr-1080p.yaml
[19:56:20 DBG] Loading config file: /config/configs/sonarr-anime.yaml
[19:56:20 DBG] CfGroup: Querying Radarr CF groups
[19:56:20 DBG] CfGroup: Found 20 CF group files in registry
[19:56:20 DBG] CfGroup: Retrieved 20 Radarr CF groups
[19:56:20 DBG] QualityProfile: Querying Radarr quality profiles
[19:56:20 DBG] QualityProfile: Found 33 quality profile files in registry
[19:56:20 DBG] QualityProfile: Retrieved 33 Radarr quality profiles
[19:56:20 INF] radarr-4k: Processing Radarr server radarr-4k
[19:56:20 DBG] radarr-4k: HTTP Request: GET http://redacted:7878/api/v3/system/status
[19:56:20 DBG] radarr-4k: HTTP Response: 200 GET http://redacted:7878/api/v3/system/status
[19:56:20 DBG] radarr-4k: Radarr Version: 6.1.1.10317
[19:56:20 DBG] radarr-4k: Running plan component: CustomFormatPlanComponent
[19:56:20 DBG] radarr-4k: CustomFormat: Querying Radarr custom formats
[19:56:20 DBG] radarr-4k: CustomFormat: Found 207 CF files in registry
[19:56:20 DBG] radarr-4k: CustomFormat: Retrieved 207 Radarr custom formats
[19:56:20 DBG] radarr-4k: QualityProfile: Querying Radarr quality profiles
[19:56:20 DBG] radarr-4k: QualityProfile: Found 33 quality profile files in registry
[19:56:20 DBG] radarr-4k: QualityProfile: Retrieved 33 Radarr quality profiles
[19:56:20 DBG] radarr-4k: CfGroup: Querying Radarr CF groups
[19:56:20 DBG] radarr-4k: CfGroup: Found 20 CF group files in registry
[19:56:20 DBG] radarr-4k: CfGroup: Retrieved 20 Radarr CF groups
[19:56:20 DBG] radarr-4k: Auto-syncing default CF group [HDR Formats] HDR for profiles: SQP-3
[19:56:20 DBG] radarr-4k: Auto-syncing default CF group [Streaming Services] General for profiles: SQP-3
[19:56:20 DBG] radarr-4k: Auto-syncing default CF group [SQP] Disable if one Radarr for profiles: SQP-3
[19:56:20 DBG] radarr-4k: Auto-syncing default CF group [Required] Golden Rule UHD for profiles: SQP-3
[19:56:20 DBG] radarr-4k: Auto-syncing default CF group [Audio] Audio Formats for profiles: SQP-3
[19:56:20 DBG] radarr-4k: Running plan component: QualityProfilePlanComponent
[19:56:20 DBG] radarr-4k: Planning quality profiles for Radarr radarr-4k: 1 profiles
[19:56:20 DBG] radarr-4k:   Profile SQP-3: TrashId=2cf36c1f0106ffac993be003ade51865, MinUpgradeFormatScore=null
[19:56:20 DBG] radarr-4k: QualityProfile: Querying Radarr quality profiles
[19:56:20 DBG] radarr-4k: QualityProfile: Found 33 quality profile files in registry
[19:56:20 DBG] radarr-4k: QualityProfile: Retrieved 33 Radarr quality profiles
[19:56:20 DBG] radarr-4k: Running plan component: QualitySizePlanComponent
[19:56:20 DBG] radarr-4k: QualitySize: Querying Radarr quality sizes
[19:56:20 DBG] radarr-4k: QualitySize: Found 4 quality size files in registry
[19:56:20 DBG] radarr-4k: QualitySize: Retrieved 4 Radarr quality size definitions
[19:56:20 DBG] radarr-4k: Running plan component: SonarrMediaNamingPlanComponent
[19:56:20 DBG] radarr-4k: Running plan component: RadarrMediaNamingPlanComponent
[19:56:20 DBG] radarr-4k: MediaNaming: Querying Radarr naming conventions
[19:56:20 DBG] radarr-4k: MediaNaming: Found 1 naming files in registry
[19:56:20 DBG] radarr-4k: MediaNaming: Retrieved 15 file formats, 7 folder formats
[19:56:20 DBG] radarr-4k: Running plan component: MediaManagementPlanComponent
[19:56:20 DBG] radarr-4k: Pipeline execution order: CustomFormat -> QualitySize -> SonarrMediaNaming -> RadarrMediaNaming -> MediaManagement -> QualityProfile
[19:56:20 DBG] radarr-4k: Executing Pipeline: Custom Format
[19:56:20 DBG] radarr-4k: Loading Custom Format State from path: /config/state/radarr/a7c0ac45dc4d3374/custom-format-mappings.json
[19:56:20 DBG] radarr-4k: HTTP Request: GET http://redacted:7878/api/v3/customformat
[19:56:20 DBG] radarr-4k: HTTP Response: 200 GET http://redacted:7878/api/v3/customformat
[19:56:21 DBG] radarr-4k: Process transaction for guide CF 2899d84dc9372de3408e6d8cc18e9666 (x264)
[19:56:21 DBG] radarr-4k: Process transaction for guide CF caa37d0df9c348912df1fb1d88f9273a (HDR10+ Boost)
[19:56:21 DBG] radarr-4k: Process transaction for guide CF 923b6abef9b17f937fab56cfcf89e1f1 (DV (w/o HDR fallback))
[19:56:21 DBG] radarr-4k: Process transaction for guide CF 9c38ebb7384dada637be8899efa68e6f (SDR)
[19:56:21 DBG] radarr-4k: Process transaction for guide CF 3a3ff47579026e76d6504ebea39390de (Remux Tier 01)
[19:56:21 DBG] radarr-4k: Process transaction for guide CF 9f98181fe5a3fbeb0cc29340da2a468a (Remux Tier 02)
[19:56:21 DBG] radarr-4k: Process transaction for guide CF 8baaf0b3142bf4d94c42a724f034e27a (Remux Tier 03)
[19:56:21 DBG] radarr-4k: Process transaction for guide CF c20f169ef63c5f40c2def54abaf4438e (WEB Tier 01)
[19:56:21 DBG] radarr-4k: Process transaction for guide CF 403816d65392c79236dcb6dd591aeda4 (WEB Tier 02)
[19:56:21 DBG] radarr-4k: Process transaction for guide CF af94e0fe497124d1f9ce732069ec8c3b (WEB Tier 03)
[19:56:21 DBG] radarr-4k: Process transaction for guide CF e7718d7a3ce595f289bfee26adc178f5 (Repack/Proper)
[19:56:21 DBG] radarr-4k: Process transaction for guide CF ae43b294509409a6a13919dedd4764c4 (Repack2)
[19:56:21 DBG] radarr-4k: Process transaction for guide CF 5caaaa1c08c1742aa4342d8c4cc463f2 (Repack3)
[19:56:21 DBG] radarr-4k: Process transaction for guide CF ed38b889b31be83fda192888e2286d83 (BR-DISK)
[19:56:21 DBG] radarr-4k: Process transaction for guide CF e6886871085226c3da1830830146846c (Generated Dynamic HDR)
[19:56:21 DBG] radarr-4k: Process transaction for guide CF 90a6f9a284dff5103f6346090e6280c8 (LQ)
[19:56:21 DBG] radarr-4k: Process transaction for guide CF e204b80c87be9497a8a6eaff48f72905 (LQ (Release Title))
[19:56:21 DBG] radarr-4k: Process transaction for guide CF b8cd450cbfa689c0259a01d9e29ba3d6 (3D)
[19:56:21 DBG] radarr-4k: Process transaction for guide CF bfd8eb01832d646a0a89c4deb46f8564 (Upscaled)
[19:56:21 DBG] radarr-4k: Process transaction for guide CF 0a3f082873eb454bde444150b70253cc (Extras)
[19:56:21 DBG] radarr-4k: Process transaction for guide CF 712d74cd88bceb883ee32f773656b1f5 (Sing-Along Versions)
[19:56:21 DBG] radarr-4k: Process transaction for guide CF cae4ca30163749b891686f95532519bd (AV1)
[19:56:21 DBG] radarr-4k: Process transaction for guide CF 820b09bb9acbfde9c35c71e0e565dad8 (1080p)
[19:56:21 DBG] radarr-4k: Process transaction for guide CF fb392fb0d61a010ae38e49ceaa24a1ef (2160p)
[19:56:21 DBG] radarr-4k: Process transaction for guide CF 493b6d1dbec3c3364c59d7607f7e3405 (HDR)
[19:56:21 DBG] radarr-4k: Process transaction for guide CF b3b3a6ac74ecbd56bcdbefa4799fb9df (AMZN)
[19:56:21 DBG] radarr-4k: Process transaction for guide CF df13ed57843877b21ad969184ab6888f (ATV)
[19:56:21 DBG] radarr-4k: Process transaction for guide CF 40e9380490e748672c2522eaaeb692f7 (ATVP)
[19:56:21 DBG] radarr-4k: Process transaction for guide CF cc5e51a9e85a6296ceefe097a77f12f4 (BCORE)
[19:56:21 DBG] radarr-4k: Process transaction for guide CF 16622a6911d1ab5d5b8b713d5b0036d4 (CRiT)
[19:56:21 DBG] radarr-4k: Process transaction for guide CF 84272245b2988854bfb76a16e60baea5 (DSNP)
[19:56:21 DBG] radarr-4k: Process transaction for guide CF 509e5f41146e278f9eab1ddaceb34515 (HBO)
[19:56:21 DBG] radarr-4k: Process transaction for guide CF 5763d1b0ce84aff3b21038eea8e9b8ad (HMAX)
[19:56:21 DBG] radarr-4k: Process transaction for guide CF 526d445d4c16214309f0fd2b3be18a89 (Hulu)
[19:56:21 DBG] radarr-4k: Process transaction for guide CF e0ec9672be6cac914ffad34a6b077209 (iT)
[19:56:21 DBG] radarr-4k: Process transaction for guide CF 2a6039655313bf5dab1e43523b62c374 (MA)
[19:56:21 DBG] radarr-4k: Process transaction for guide CF 6a061313d22e51e0f25b7cd4dc065233 (MAX)
[19:56:21 DBG] radarr-4k: Process transaction for guide CF 170b1d363bd8516fbf3a3eb05d4faff6 (NF)
[19:56:21 DBG] radarr-4k: Process transaction for guide CF c9fd353f8f5f1baf56dc601c4cb29920 (PCOK)
[19:56:21 DBG] radarr-4k: Process transaction for guide CF e36a0ba1bc902b26ee40818a1d59b8bd (PMTP)
[19:56:21 DBG] radarr-4k: Process transaction for guide CF 350e9170619683a55cb9191d0b1ababa (PLAY)
[19:56:21 DBG] radarr-4k: Process transaction for guide CF 44c2b54d7c81c1a442a8b2cabeaef54f (ROKU)
[19:56:21 DBG] radarr-4k: Process transaction for guide CF c2863d2a50c9acad1fb50e53ece60817 (STAN)
[19:56:21 DBG] radarr-4k: Process transaction for guide CF 839bea857ed2c0a8e084f3cbdbd65ecb (x265 (no HDR/DV))
[19:56:21 DBG] radarr-4k: Process transaction for guide CF 496f355514737f7d83bf7aa4d24f8169 (TrueHD ATMOS)
[19:56:21 DBG] radarr-4k: Process transaction for guide CF 2f22d89048b01681dde8afe203bf2e95 (DTS X)
[19:56:21 DBG] radarr-4k: Process transaction for guide CF 417804f7f2c4308c1f4c5d380d4c4475 (ATMOS (undefined))
[19:56:21 DBG] radarr-4k: Process transaction for guide CF 1af239278386be2919e1bcee0bde047e (DD+ ATMOS)
[19:56:21 DBG] radarr-4k: Process transaction for guide CF 3cafb66171b47f226146a0770576870f (TrueHD)
[19:56:21 DBG] radarr-4k: Process transaction for guide CF dcf3ec6938fa32445f590a4da84256cd (DTS-HD MA)
[19:56:21 DBG] radarr-4k: Process transaction for guide CF a570d4a0e56a2874b64e5bfa55202a1b (FLAC)
[19:56:21 DBG] radarr-4k: Process transaction for guide CF e7c2fcae07cbada050a0af3357491d7b (PCM)
[19:56:21 DBG] radarr-4k: Process transaction for guide CF 8e109e50e0a0b83a5098b056e13bf6db (DTS-HD HRA)
[19:56:21 DBG] radarr-4k: Process transaction for guide CF 185f1dd7264c4562b9022d963ac37424 (DD+)
[19:56:21 DBG] radarr-4k: Process transaction for guide CF f9f847ac70a0af62ea4a08280b859636 (DTS-ES)
[19:56:21 DBG] radarr-4k: Process transaction for guide CF 1c1a4c5e823891c75bc50380a6866f73 (DTS)
[19:56:21 DBG] radarr-4k: Process transaction for guide CF 240770601cc226190c367ef59aba7463 (AAC)
[19:56:21 DBG] radarr-4k: Process transaction for guide CF c2998bd0d90ed5621d8df281e839436e (DD)
[19:56:21 INF] radarr-4k: Skipped 58 Custom Formats that did not change
[19:56:21 DBG] radarr-4k: Custom Formats Skipped: {"2899d84dc9372de3408e6d8cc18e9666":"x264","caa37d0df9c348912df1fb1d88f9273a":"HDR10+ Boost","923b6abef9b17f937fab56cfcf89e1f1":"DV (w/o HDR fallback)","9c38ebb7384dada637be8899efa68e6f":"SDR","3a3ff47579026e76d6504ebea39390de":"Remux Tier 01","9f98181fe5a3fbeb0cc29340da2a468a":"Remux Tier 02","8baaf0b3142bf4d94c42a724f034e27a":"Remux Tier 03","c20f169ef63c5f40c2def54abaf4438e":"WEB Tier 01","403816d65392c79236dcb6dd591aeda4":"WEB Tier 02","af94e0fe497124d1f9ce732069ec8c3b":"WEB Tier 03","e7718d7a3ce595f289bfee26adc178f5":"Repack/Proper","ae43b294509409a6a13919dedd4764c4":"Repack2","5caaaa1c08c1742aa4342d8c4cc463f2":"Repack3","ed38b889b31be83fda192888e2286d83":"BR-DISK","e6886871085226c3da1830830146846c":"Generated Dynamic HDR","90a6f9a284dff5103f6346090e6280c8":"LQ","e204b80c87be9497a8a6eaff48f72905":"LQ (Release Title)","b8cd450cbfa689c0259a01d9e29ba3d6":"3D","bfd8eb01832d646a0a89c4deb46f8564":"Upscaled","0a3f082873eb454bde444150b70253cc":"Extras","712d74cd88bceb883ee32f773656b1f5":"Sing-Along Versions","cae4ca30163749b891686f95532519bd":"AV1","820b09bb9acbfde9c35c71e0e565dad8":"1080p","fb392fb0d61a010ae38e49ceaa24a1ef":"2160p","493b6d1dbec3c3364c59d7607f7e3405":"HDR","b3b3a6ac74ecbd56bcdbefa4799fb9df":"AMZN","df13ed57843877b21ad969184ab6888f":"ATV","40e9380490e748672c2522eaaeb692f7":"ATVP","cc5e51a9e85a6296ceefe097a77f12f4":"BCORE","16622a6911d1ab5d5b8b713d5b0036d4":"CRiT","84272245b2988854bfb76a16e60baea5":"DSNP","509e5f41146e278f9eab1ddaceb34515":"HBO","5763d1b0ce84aff3b21038eea8e9b8ad":"HMAX","526d445d4c16214309f0fd2b3be18a89":"Hulu","e0ec9672be6cac914ffad34a6b077209":"iT","2a6039655313bf5dab1e43523b62c374":"MA","6a061313d22e51e0f25b7cd4dc065233":"MAX","170b1d363bd8516fbf3a3eb05d4faff6":"NF","c9fd353f8f5f1baf56dc601c4cb29920":"PCOK","e36a0ba1bc902b26ee40818a1d59b8bd":"PMTP","350e9170619683a55cb9191d0b1ababa":"PLAY","44c2b54d7c81c1a442a8b2cabeaef54f":"ROKU","c2863d2a50c9acad1fb50e53ece60817":"STAN","839bea857ed2c0a8e084f3cbdbd65ecb":"x265 (no HDR/DV)","496f355514737f7d83bf7aa4d24f8169":"TrueHD ATMOS","2f22d89048b01681dde8afe203bf2e95":"DTS X","417804f7f2c4308c1f4c5d380d4c4475":"ATMOS (undefined)","1af239278386be2919e1bcee0bde047e":"DD+ ATMOS","3cafb66171b47f226146a0770576870f":"TrueHD","dcf3ec6938fa32445f590a4da84256cd":"DTS-HD MA","a570d4a0e56a2874b64e5bfa55202a1b":"FLAC","e7c2fcae07cbada050a0af3357491d7b":"PCM","8e109e50e0a0b83a5098b056e13bf6db":"DTS-HD HRA","185f1dd7264c4562b9022d963ac37424":"DD+","f9f847ac70a0af62ea4a08280b859636":"DTS-ES","1c1a4c5e823891c75bc50380a6866f73":"DTS","240770601cc226190c367ef59aba7463":"AAC","c2998bd0d90ed5621d8df281e839436e":"DD"}
[19:56:21 INF] radarr-4k: All custom formats are already up to date!
[19:56:21 DBG] radarr-4k: Saving Custom Format State to path /config/state/radarr/a7c0ac45dc4d3374/custom-format-mappings.json
[19:56:21 DBG] radarr-4k: Pipeline CustomFormat result: Completed
[19:56:21 DBG] radarr-4k: Executing Pipeline: Quality Definition
[19:56:21 DBG] radarr-4k: HTTP Request: GET http://redacted:7878/api/v3/qualitydefinition
[19:56:21 DBG] radarr-4k: HTTP Response: 200 GET http://redacted:7878/api/v3/qualitydefinition
[19:56:21 DBG] radarr-4k: Processed Quality WEBDL-1080p: [IsDifferent: False] [Min: 12.5, 12.5] [Max: null, 2000 (2000)] [Preferred: null, 1999 (1999)]
[19:56:21 DBG] radarr-4k: Processed Quality WEBRip-1080p: [IsDifferent: False] [Min: 12.5, 12.5] [Max: null, 2000 (2000)] [Preferred: null, 1999 (1999)]
[19:56:21 DBG] radarr-4k: Processed Quality Remux-1080p: [IsDifferent: False] [Min: 136.8, 136.8] [Max: null, 2000 (2000)] [Preferred: null, 1999 (1999)]
[19:56:21 DBG] radarr-4k: Processed Quality HDTV-2160p: [IsDifferent: False] [Min: 85, 85] [Max: null, 2000 (2000)] [Preferred: null, 1999 (1999)]
[19:56:21 DBG] radarr-4k: Processed Quality WEBDL-2160p: [IsDifferent: False] [Min: 34.5, 34.5] [Max: null, 2000 (2000)] [Preferred: null, 1999 (1999)]
[19:56:21 DBG] radarr-4k: Processed Quality WEBRip-2160p: [IsDifferent: False] [Min: 34.5, 34.5] [Max: null, 2000 (2000)] [Preferred: null, 1999 (1999)]
[19:56:21 DBG] radarr-4k: Processed Quality Bluray-2160p: [IsDifferent: False] [Min: 102, 102] [Max: null, 2000 (2000)] [Preferred: null, 1999 (1999)]
[19:56:21 DBG] radarr-4k: Processed Quality Remux-2160p: [IsDifferent: False] [Min: 187.4, 187.4] [Max: null, 2000 (2000)] [Preferred: null, 1999 (1999)]
[19:56:21 INF] radarr-4k: All sizes for quality definition sqp-uhd are already up to date!
[19:56:21 DBG] radarr-4k: Pipeline QualitySize result: Completed
[19:56:21 DBG] radarr-4k: Executing Pipeline: Sonarr Media Naming
[19:56:21 DBG] radarr-4k: Pipeline SonarrMediaNaming result: Completed
[19:56:21 DBG] radarr-4k: Executing Pipeline: Radarr Media Naming
[19:56:21 DBG] radarr-4k: Pipeline RadarrMediaNaming result: Completed
[19:56:21 DBG] radarr-4k: Executing Pipeline: Media Management
[19:56:21 DBG] radarr-4k: Pipeline MediaManagement result: Completed
[19:56:21 DBG] radarr-4k: Executing Pipeline: Quality Profile
[19:56:21 DBG] radarr-4k: HTTP Request: GET http://redacted:7878/api/v3/qualityprofile
[19:56:21 DBG] radarr-4k: HTTP Response: 200 GET http://redacted:7878/api/v3/qualityprofile
[19:56:21 DBG] radarr-4k: HTTP Request: GET http://redacted:7878/api/v3/qualityprofile/schema
[19:56:21 DBG] radarr-4k: HTTP Response: 200 GET http://redacted:7878/api/v3/qualityprofile/schema
[19:56:21 DBG] radarr-4k: HTTP Request: GET http://redacted:7878/api/v3/language
[19:56:21 DBG] radarr-4k: HTTP Response: 200 GET http://redacted:7878/api/v3/language
[19:56:21 DBG] radarr-4k: Loading Quality Profile State from path: /config/state/radarr/a7c0ac45dc4d3374/quality-profile-mappings.json
[19:56:21 DBG] radarr-4k: Pass 1: guide QP 2cf36c1f0106ffac993be003ade51865 (SQP-3), exact cached ID: 11
[19:56:21 DBG] radarr-4k: Updates for profile SQP-3
[19:56:21 DBG] radarr-4k: Name: SQP-3 -> SQP-3
[19:56:21 DBG] radarr-4k: Upgrade Allowed: True -> True
[19:56:21 DBG] radarr-4k: Cutoff: WEB|Remux|2160p -> WEB|Remux|2160p
[19:56:21 DBG] radarr-4k: Cutoff Score: 10000 -> 10000
[19:56:21 DBG] radarr-4k: Minimum Score: 550 -> 550
[19:56:21 DBG] radarr-4k: Minimum Upgrade Score: 1 -> 1
[19:56:21 DBG] radarr-4k: Saving Quality Profile State to path /config/state/radarr/a7c0ac45dc4d3374/quality-profile-mappings.json
[19:56:21 DBG] radarr-4k: These profiles have no changes and will not be persisted: ["SQP-3"]
[19:56:21 INF] radarr-4k: All quality profiles are up to date!
[19:56:21 DBG] radarr-4k: Pipeline QualityProfile result: Completed
[19:56:21 INF] radarr-4k: Completed at 03/05/2026 19:56:21
[19:56:21 DBG] CfGroup: Querying Sonarr CF groups
[19:56:21 DBG] CfGroup: Found 16 CF group files in registry
[19:56:21 DBG] CfGroup: Retrieved 16 Sonarr CF groups
[19:56:21 DBG] QualityProfile: Querying Sonarr quality profiles
[19:56:21 DBG] QualityProfile: Found 17 quality profile files in registry
[19:56:21 DBG] QualityProfile: Retrieved 17 Sonarr quality profiles
[19:56:21 INF] sonarr-series: Processing Sonarr server sonarr-series
[19:56:21 DBG] sonarr-series: HTTP Request: GET http://redacted:8989/api/v3/system/status
[19:56:21 DBG] sonarr-series: HTTP Response: 200 GET http://redacted:8989/api/v3/system/status
[19:56:21 DBG] sonarr-series: Sonarr Version: 4.0.16.2946
[19:56:21 DBG] sonarr-series: Running plan component: CustomFormatPlanComponent
[19:56:21 DBG] sonarr-series: CustomFormat: Querying Sonarr custom formats
[19:56:21 DBG] sonarr-series: CustomFormat: Found 199 CF files in registry
[19:56:21 DBG] sonarr-series: CustomFormat: Retrieved 199 Sonarr custom formats
[19:56:21 DBG] sonarr-series: QualityProfile: Querying Sonarr quality profiles
[19:56:21 DBG] sonarr-series: QualityProfile: Found 17 quality profile files in registry
[19:56:21 DBG] sonarr-series: QualityProfile: Retrieved 17 Sonarr quality profiles
[19:56:21 DBG] sonarr-series: CfGroup: Querying Sonarr CF groups
[19:56:21 DBG] sonarr-series: CfGroup: Found 16 CF group files in registry
[19:56:21 DBG] sonarr-series: CfGroup: Retrieved 16 Sonarr CF groups
[19:56:21 DBG] sonarr-series: Auto-syncing default CF group [HDR Formats] HDR for profiles: WEB-2160p
[19:56:21 DBG] sonarr-series: Auto-syncing default CF group [Required] Golden Rule HD for profiles: WEB-1080p
[19:56:21 DBG] sonarr-series: Auto-syncing default CF group [Streaming Services] General for profiles: WEB-1080p, WEB-2160p
[19:56:21 DBG] sonarr-series: Auto-syncing default CF group [Required] Golden Rule UHD for profiles: WEB-2160p
[19:56:21 DBG] sonarr-series: Running plan component: QualityProfilePlanComponent
[19:56:21 DBG] sonarr-series: Planning quality profiles for Sonarr sonarr-series: 2 profiles
[19:56:21 DBG] sonarr-series:   Profile WEB-1080p: TrashId=72dae194fc92bf828f32cde7744e51a1, MinUpgradeFormatScore=null
[19:56:21 DBG] sonarr-series:   Profile WEB-2160p: TrashId=d1498e7d189fbe6c7110ceaabb7473e6, MinUpgradeFormatScore=null
[19:56:21 DBG] sonarr-series: QualityProfile: Querying Sonarr quality profiles
[19:56:21 DBG] sonarr-series: QualityProfile: Found 17 quality profile files in registry
[19:56:21 DBG] sonarr-series: QualityProfile: Retrieved 17 Sonarr quality profiles
[19:56:21 DBG] sonarr-series: Running plan component: QualitySizePlanComponent
[19:56:21 DBG] sonarr-series: QualitySize: Querying Sonarr quality sizes
[19:56:21 DBG] sonarr-series: QualitySize: Found 2 quality size files in registry
[19:56:21 DBG] sonarr-series: QualitySize: Retrieved 2 Sonarr quality size definitions
[19:56:21 DBG] sonarr-series: Running plan component: SonarrMediaNamingPlanComponent
[19:56:21 DBG] sonarr-series: MediaNaming: Querying Sonarr naming conventions
[19:56:21 DBG] sonarr-series: MediaNaming: Found 1 naming files in registry
[19:56:21 DBG] sonarr-series: MediaNaming: Retrieved 1 season, 6 series, 1 anime, 2 daily, 3 standard formats
[19:56:21 DBG] sonarr-series: Running plan component: RadarrMediaNamingPlanComponent
[19:56:21 DBG] sonarr-series: Running plan component: MediaManagementPlanComponent
[19:56:21 DBG] sonarr-series: Pipeline execution order: CustomFormat -> QualitySize -> SonarrMediaNaming -> RadarrMediaNaming -> MediaManagement -> QualityProfile
[19:56:21 DBG] sonarr-series: Executing Pipeline: Custom Format
[19:56:21 DBG] sonarr-series: Loading Custom Format State from path: /config/state/sonarr/3ca6866739b4a708/custom-format-mappings.json
[19:56:21 DBG] sonarr-series: HTTP Request: GET http://redacted:8989/api/v3/customformat
[19:56:21 DBG] sonarr-series: HTTP Response: 200 GET http://redacted:8989/api/v3/customformat
[19:56:21 DBG] sonarr-series: Process transaction for guide CF 85c61753df5da1fb2aab6f2a47426b09 (BR-DISK)
[19:56:21 DBG] sonarr-series: Process transaction for guide CF 9c11cd3f07101cdba90a2d81cf0e56b4 (LQ)
[19:56:21 DBG] sonarr-series: Process transaction for guide CF e2315f990da2e2cbfc9fa5b7a6fcfe48 (LQ (Release Title))
[19:56:21 DBG] sonarr-series: Process transaction for guide CF fbcb31d8dabd2a319072b84fc0b7249c (Extras)
[19:56:21 DBG] sonarr-series: Process transaction for guide CF 15a05bc7c1a36e2b57fd628f8977e2fc (AV1)
[19:56:21 DBG] sonarr-series: Process transaction for guide CF ec8fa7296b64e8cd390a1600981f3923 (Repack/Proper)
[19:56:21 DBG] sonarr-series: Process transaction for guide CF eb3d5cc0a2be0db205fb823640db6a3c (Repack2)
[19:56:21 DBG] sonarr-series: Process transaction for guide CF 44e7c4de10ae50265753082e5dc76047 (Repack3)
[19:56:21 DBG] sonarr-series: Process transaction for guide CF 218e93e5702f44a68ad9e3c6ba87d2f0 (HD Streaming Boost)
[19:56:21 DBG] sonarr-series: Process transaction for guide CF e6258996055b9fbab7e9cb2f75819294 (WEB Tier 01)
[19:56:21 DBG] sonarr-series: Process transaction for guide CF 58790d4e2fdcd9733aa7ae68ba2bb503 (WEB Tier 02)
[19:56:21 DBG] sonarr-series: Process transaction for guide CF d84935abd3f8556dcd51d4f27e22d0a6 (WEB Tier 03)
[19:56:21 DBG] sonarr-series: Process transaction for guide CF d0c516558625b04b363fa6c5c2c7cfd4 (WEB Scene)
[19:56:21 DBG] sonarr-series: Process transaction for guide CF 43b3cf48cb385cd3eac608ee6bca7f09 (UHD Streaming Boost)
[19:56:21 DBG] sonarr-series: Process transaction for guide CF 505d871304820ba7106b693be6fe4a9e (HDR)
[19:56:21 DBG] sonarr-series: Process transaction for guide CF 47435ece6b99a0b477caf360e79ba0bb (x265 (HD))
[19:56:21 DBG] sonarr-series: Process transaction for guide CF d660701077794679fd59e8bdf4ce3a29 (AMZN)
[19:56:21 DBG] sonarr-series: Process transaction for guide CF d9e511921c8cedc7282e291b0209cdc5 (ATV)
[19:56:21 DBG] sonarr-series: Process transaction for guide CF f67c9ca88f463a48346062e8ad07713f (ATVP)
[19:56:21 DBG] sonarr-series: Process transaction for guide CF 77a7b25585c18af08f60b1547bb9b4fb (CC)
[19:56:21 DBG] sonarr-series: Process transaction for guide CF 36b72f59f4ea20aad9316f475f2d9fbb (DCU)
[19:56:21 DBG] sonarr-series: Process transaction for guide CF 89358767a60cc28783cdc3d0be9388a4 (DSNP)
[19:56:21 DBG] sonarr-series: Process transaction for guide CF 7a235133c87f7da4c8cccceca7e3c7a6 (HBO)
[19:56:21 DBG] sonarr-series: Process transaction for guide CF a880d6abc21e7c16884f3ae393f84179 (HMAX)
[19:56:21 DBG] sonarr-series: Process transaction for guide CF f6cce30f1733d5c8194222a7507909bb (HULU)
[19:56:21 DBG] sonarr-series: Process transaction for guide CF 0ac24a2a68a9700bcb7eeca8e5cd644c (iT)
[19:56:21 DBG] sonarr-series: Process transaction for guide CF 81d1fbf600e2540cee87f3a23f9d3c1c (MAX)
[19:56:21 DBG] sonarr-series: Process transaction for guide CF d34870697c9db575f17700212167be23 (NF)
[19:56:21 DBG] sonarr-series: Process transaction for guide CF 1656adc6d7bb2c8cca6acfb6592db421 (PCOK)
[19:56:21 DBG] sonarr-series: Process transaction for guide CF c67a75ae4a1715f2bb4d492755ba4195 (PMTP)
[19:56:21 DBG] sonarr-series: Process transaction for guide CF 6eb71887a8db6e783dd398446eb0e65d (PLAY)
[19:56:21 DBG] sonarr-series: Process transaction for guide CF da393fd4e2c0cce7c9dc2669c43e0593 (ROKU)
[19:56:21 DBG] sonarr-series: Process transaction for guide CF ae58039e1319178e6be73caab5c42166 (SHO)
[19:56:21 DBG] sonarr-series: Process transaction for guide CF 1efe8da11bfd74fbbcd4d8117ddb9213 (STAN)
[19:56:21 DBG] sonarr-series: Process transaction for guide CF 9623c5c9cac8e939c1b9aedd32f640bf (SYFY)
[19:56:21 DBG] sonarr-series: Process transaction for guide CF 9b64dff695c2115facf1b6ea59c9bd07 (x265 (no HDR/DV))
[19:56:21 DBG] sonarr-series: Process transaction for guide CF 9b27ab6498ec0f31a3353992e19434ca (DV (w/o HDR fallback))
[19:56:21 DBG] sonarr-series: Process transaction for guide CF 0c4b99df9206d2cfac3c05ab897dd62a (HDR10+ Boost)
[19:56:21 INF] sonarr-series: Skipped 38 Custom Formats that did not change
[19:56:21 DBG] sonarr-series: Custom Formats Skipped: {"85c61753df5da1fb2aab6f2a47426b09":"BR-DISK","9c11cd3f07101cdba90a2d81cf0e56b4":"LQ","e2315f990da2e2cbfc9fa5b7a6fcfe48":"LQ (Release Title)","fbcb31d8dabd2a319072b84fc0b7249c":"Extras","15a05bc7c1a36e2b57fd628f8977e2fc":"AV1","ec8fa7296b64e8cd390a1600981f3923":"Repack/Proper","eb3d5cc0a2be0db205fb823640db6a3c":"Repack2","44e7c4de10ae50265753082e5dc76047":"Repack3","218e93e5702f44a68ad9e3c6ba87d2f0":"HD Streaming Boost","e6258996055b9fbab7e9cb2f75819294":"WEB Tier 01","58790d4e2fdcd9733aa7ae68ba2bb503":"WEB Tier 02","d84935abd3f8556dcd51d4f27e22d0a6":"WEB Tier 03","d0c516558625b04b363fa6c5c2c7cfd4":"WEB Scene","43b3cf48cb385cd3eac608ee6bca7f09":"UHD Streaming Boost","505d871304820ba7106b693be6fe4a9e":"HDR","47435ece6b99a0b477caf360e79ba0bb":"x265 (HD)","d660701077794679fd59e8bdf4ce3a29":"AMZN","d9e511921c8cedc7282e291b0209cdc5":"ATV","f67c9ca88f463a48346062e8ad07713f":"ATVP","77a7b25585c18af08f60b1547bb9b4fb":"CC","36b72f59f4ea20aad9316f475f2d9fbb":"DCU","89358767a60cc28783cdc3d0be9388a4":"DSNP","7a235133c87f7da4c8cccceca7e3c7a6":"HBO","a880d6abc21e7c16884f3ae393f84179":"HMAX","f6cce30f1733d5c8194222a7507909bb":"HULU","0ac24a2a68a9700bcb7eeca8e5cd644c":"iT","81d1fbf600e2540cee87f3a23f9d3c1c":"MAX","d34870697c9db575f17700212167be23":"NF","1656adc6d7bb2c8cca6acfb6592db421":"PCOK","c67a75ae4a1715f2bb4d492755ba4195":"PMTP","6eb71887a8db6e783dd398446eb0e65d":"PLAY","da393fd4e2c0cce7c9dc2669c43e0593":"ROKU","ae58039e1319178e6be73caab5c42166":"SHO","1efe8da11bfd74fbbcd4d8117ddb9213":"STAN","9623c5c9cac8e939c1b9aedd32f640bf":"SYFY","9b64dff695c2115facf1b6ea59c9bd07":"x265 (no HDR/DV)","9b27ab6498ec0f31a3353992e19434ca":"DV (w/o HDR fallback)","0c4b99df9206d2cfac3c05ab897dd62a":"HDR10+ Boost"}
[19:56:21 INF] sonarr-series: All custom formats are already up to date!
[19:56:21 DBG] sonarr-series: Saving Custom Format State to path /config/state/sonarr/3ca6866739b4a708/custom-format-mappings.json
[19:56:21 DBG] sonarr-series: Pipeline CustomFormat result: Completed
[19:56:21 DBG] sonarr-series: Executing Pipeline: Quality Definition
[19:56:21 DBG] sonarr-series: HTTP Request: GET http://redacted:8989/api/v3/qualitydefinition
[19:56:21 DBG] sonarr-series: HTTP Response: 200 GET http://redacted:8989/api/v3/qualitydefinition
[19:56:21 DBG] sonarr-series: Processed Quality HDTV-720p: [IsDifferent: False] [Min: 10, 10] [Max: null, 1000 (1000)] [Preferred: null, 995 (995)]
[19:56:21 DBG] sonarr-series: Processed Quality HDTV-1080p: [IsDifferent: False] [Min: 15, 15] [Max: null, 1000 (1000)] [Preferred: null, 995 (995)]
[19:56:21 DBG] sonarr-series: Processed Quality WEBRip-720p: [IsDifferent: False] [Min: 10, 10] [Max: null, 1000 (1000)] [Preferred: null, 995 (995)]
[19:56:21 DBG] sonarr-series: Processed Quality WEBDL-720p: [IsDifferent: False] [Min: 10, 10] [Max: null, 1000 (1000)] [Preferred: null, 995 (995)]
[19:56:21 DBG] sonarr-series: Processed Quality Bluray-720p: [IsDifferent: False] [Min: 17.1, 17.1] [Max: null, 1000 (1000)] [Preferred: null, 995 (995)]
[19:56:21 DBG] sonarr-series: Processed Quality WEBRip-1080p: [IsDifferent: False] [Min: 15, 15] [Max: null, 1000 (1000)] [Preferred: null, 995 (995)]
[19:56:21 DBG] sonarr-series: Processed Quality WEBDL-1080p: [IsDifferent: False] [Min: 15, 15] [Max: null, 1000 (1000)] [Preferred: null, 995 (995)]
[19:56:21 DBG] sonarr-series: Processed Quality Bluray-1080p: [IsDifferent: False] [Min: 50.4, 50.4] [Max: null, 1000 (1000)] [Preferred: null, 995 (995)]
[19:56:21 DBG] sonarr-series: Processed Quality Bluray-1080p Remux: [IsDifferent: False] [Min: 69.1, 69.1] [Max: null, 1000 (1000)] [Preferred: null, 995 (995)]
[19:56:21 DBG] sonarr-series: Processed Quality HDTV-2160p: [IsDifferent: False] [Min: 25, 25] [Max: null, 1000 (1000)] [Preferred: null, 995 (995)]
[19:56:21 DBG] sonarr-series: Processed Quality WEBRip-2160p: [IsDifferent: False] [Min: 25, 25] [Max: null, 1000 (1000)] [Preferred: null, 995 (995)]
[19:56:21 DBG] sonarr-series: Processed Quality WEBDL-2160p: [IsDifferent: False] [Min: 25, 25] [Max: null, 1000 (1000)] [Preferred: null, 995 (995)]
[19:56:21 DBG] sonarr-series: Processed Quality Bluray-2160p: [IsDifferent: False] [Min: 94.6, 94.6] [Max: null, 1000 (1000)] [Preferred: null, 995 (995)]
[19:56:21 DBG] sonarr-series: Processed Quality Bluray-2160p Remux: [IsDifferent: False] [Min: 187.4, 187.4] [Max: null, 1000 (1000)] [Preferred: null, 995 (995)]
[19:56:21 INF] sonarr-series: All sizes for quality definition series are already up to date!
[19:56:21 DBG] sonarr-series: Pipeline QualitySize result: Completed
[19:56:21 DBG] sonarr-series: Executing Pipeline: Sonarr Media Naming
[19:56:21 DBG] sonarr-series: Pipeline SonarrMediaNaming result: Completed
[19:56:21 DBG] sonarr-series: Executing Pipeline: Radarr Media Naming
[19:56:21 DBG] sonarr-series: Pipeline RadarrMediaNaming result: Completed
[19:56:21 DBG] sonarr-series: Executing Pipeline: Media Management
[19:56:21 DBG] sonarr-series: Pipeline MediaManagement result: Completed
[19:56:21 DBG] sonarr-series: Executing Pipeline: Quality Profile
[19:56:21 DBG] sonarr-series: HTTP Request: GET http://redacted:8989/api/v3/qualityprofile
[19:56:21 DBG] sonarr-series: HTTP Request: GET http://redacted:8989/api/v3/qualityprofile/schema
[19:56:21 DBG] sonarr-series: HTTP Request: GET http://redacted:8989/api/v3/language
[19:56:21 DBG] sonarr-series: HTTP Response: 200 GET http://redacted:8989/api/v3/qualityprofile
[19:56:21 DBG] sonarr-series: HTTP Response: 200 GET http://redacted:8989/api/v3/qualityprofile/schema
[19:56:21 DBG] sonarr-series: HTTP Response: 200 GET http://redacted:8989/api/v3/language
[19:56:21 DBG] sonarr-series: Loading Quality Profile State from path: /config/state/sonarr/3ca6866739b4a708/quality-profile-mappings.json
[19:56:21 DBG] sonarr-series: Pass 1: guide QP 72dae194fc92bf828f32cde7744e51a1 (WEB-1080p), exact cached ID: 6
[19:56:21 DBG] sonarr-series: Pass 1: guide QP d1498e7d189fbe6c7110ceaabb7473e6 (WEB-2160p), exact cached ID: 10
[19:56:21 DBG] sonarr-series: Updates for profile WEB-1080p
[19:56:21 DBG] sonarr-series: Name: WEB-1080p -> WEB-1080p
[19:56:21 DBG] sonarr-series: Upgrade Allowed: True -> True
[19:56:21 DBG] sonarr-series: Cutoff: WEB 1080p -> WEB 1080p
[19:56:21 DBG] sonarr-series: Cutoff Score: 10000 -> 10000
[19:56:21 DBG] sonarr-series: Minimum Score: 0 -> 0
[19:56:21 DBG] sonarr-series: Minimum Upgrade Score: 1 -> 1
[19:56:21 DBG] sonarr-series: Updates for profile WEB-2160p
[19:56:21 DBG] sonarr-series: Name: WEB-2160p -> WEB-2160p
[19:56:21 DBG] sonarr-series: Upgrade Allowed: True -> True
[19:56:21 DBG] sonarr-series: Cutoff: WEB 2160p -> WEB 2160p
[19:56:21 DBG] sonarr-series: Cutoff Score: 10000 -> 10000
[19:56:21 DBG] sonarr-series: Minimum Score: 0 -> 0
[19:56:21 DBG] sonarr-series: Minimum Upgrade Score: 1 -> 1
[19:56:21 DBG] sonarr-series: Saving Quality Profile State to path /config/state/sonarr/3ca6866739b4a708/quality-profile-mappings.json
[19:56:21 DBG] sonarr-series: These profiles have no changes and will not be persisted: ["WEB-1080p","WEB-2160p"]
[19:56:21 INF] sonarr-series: All quality profiles are up to date!
[19:56:21 DBG] sonarr-series: Pipeline QualityProfile result: Completed
[19:56:21 INF] sonarr-series: Completed at 03/05/2026 19:56:21
[19:56:21 DBG] CfGroup: Querying Radarr CF groups
[19:56:21 DBG] CfGroup: Found 20 CF group files in registry
[19:56:21 DBG] CfGroup: Retrieved 20 Radarr CF groups
[19:56:21 DBG] QualityProfile: Querying Radarr quality profiles
[19:56:21 DBG] QualityProfile: Found 33 quality profile files in registry
[19:56:21 DBG] QualityProfile: Retrieved 33 Radarr quality profiles
[19:56:21 INF] radarr-anime: Processing Radarr server radarr-anime
[19:56:21 DBG] radarr-anime: HTTP Request: GET http://redacted:7878/api/v3/system/status
[19:56:21 DBG] radarr-anime: HTTP Response: 200 GET http://redacted:7878/api/v3/system/status
[19:56:21 DBG] radarr-anime: Radarr Version: 6.1.1.10317
[19:56:21 DBG] radarr-anime: Running plan component: CustomFormatPlanComponent
[19:56:21 DBG] radarr-anime: CustomFormat: Querying Radarr custom formats
[19:56:21 DBG] radarr-anime: CustomFormat: Found 207 CF files in registry
[19:56:21 DBG] radarr-anime: CustomFormat: Retrieved 207 Radarr custom formats
[19:56:21 DBG] radarr-anime: QualityProfile: Querying Radarr quality profiles
[19:56:21 DBG] radarr-anime: QualityProfile: Found 33 quality profile files in registry
[19:56:21 DBG] radarr-anime: QualityProfile: Retrieved 33 Radarr quality profiles
[19:56:21 DBG] radarr-anime: CfGroup: Querying Radarr CF groups
[19:56:21 DBG] radarr-anime: CfGroup: Found 20 CF group files in registry
[19:56:21 DBG] radarr-anime: CfGroup: Retrieved 20 Radarr CF groups
[19:56:21 DBG] radarr-anime: Running plan component: QualityProfilePlanComponent
[19:56:21 DBG] radarr-anime: Planning quality profiles for Radarr radarr-anime: 1 profiles
[19:56:21 DBG] radarr-anime:   Profile Remux-1080p - Anime: TrashId=722b624f9af1e492284c4bc842153a38, MinUpgradeFormatScore=null
[19:56:21 DBG] radarr-anime: QualityProfile: Querying Radarr quality profiles
[19:56:21 DBG] radarr-anime: QualityProfile: Found 33 quality profile files in registry
[19:56:21 DBG] radarr-anime: QualityProfile: Retrieved 33 Radarr quality profiles
[19:56:21 DBG] radarr-anime: Running plan component: QualitySizePlanComponent
[19:56:21 DBG] radarr-anime: QualitySize: Querying Radarr quality sizes
[19:56:21 DBG] radarr-anime: QualitySize: Found 4 quality size files in registry
[19:56:21 DBG] radarr-anime: QualitySize: Retrieved 4 Radarr quality size definitions
[19:56:21 DBG] radarr-anime: Running plan component: SonarrMediaNamingPlanComponent
[19:56:21 DBG] radarr-anime: Running plan component: RadarrMediaNamingPlanComponent
[19:56:21 DBG] radarr-anime: MediaNaming: Querying Radarr naming conventions
[19:56:21 DBG] radarr-anime: MediaNaming: Found 1 naming files in registry
[19:56:21 DBG] radarr-anime: MediaNaming: Retrieved 15 file formats, 7 folder formats
[19:56:21 DBG] radarr-anime: Running plan component: MediaManagementPlanComponent
[19:56:21 DBG] radarr-anime: Pipeline execution order: CustomFormat -> QualitySize -> SonarrMediaNaming -> RadarrMediaNaming -> MediaManagement -> QualityProfile
[19:56:21 DBG] radarr-anime: Executing Pipeline: Custom Format
[19:56:21 DBG] radarr-anime: Loading Custom Format State from path: /config/state/radarr/28395de97dfd16ea/custom-format-mappings.json
[19:56:21 DBG] radarr-anime: HTTP Request: GET http://redacted:7878/api/v3/customformat
[19:56:21 DBG] radarr-anime: HTTP Response: 200 GET http://redacted:7878/api/v3/customformat
[19:56:21 DBG] radarr-anime: Process transaction for guide CF 064af5f084a0a24458cc8ecd3220f93f (Uncensored)
[19:56:21 DBG] radarr-anime: Process transaction for guide CF a5d148168c4506b55cf53984107c396e (10bit)
[19:56:21 DBG] radarr-anime: Process transaction for guide CF 4a3b087eea2ce012fcc1ce319259a3be (Anime Dual Audio)
[19:56:21 DBG] radarr-anime: Process transaction for guide CF fb3ccc5d5cc8f77c9055d4cb4561dded (Anime BD Tier 01)
[19:56:21 DBG] radarr-anime: Process transaction for guide CF 66926c8fa9312bc74ab71bf69aae4f4a (Anime BD Tier 02)
[19:56:21 DBG] radarr-anime: Process transaction for guide CF fa857662bad28d5ff21a6e611869a0ff (Anime BD Tier 03)
[19:56:21 DBG] radarr-anime: Process transaction for guide CF f262f1299d99b1a2263375e8fa2ddbb3 (Anime BD Tier 04)
[19:56:21 DBG] radarr-anime: Process transaction for guide CF ca864ed93c7b431150cc6748dc34875d (Anime BD Tier 05)
[19:56:21 DBG] radarr-anime: Process transaction for guide CF 9dce189b960fddf47891b7484ee886ca (Anime BD Tier 06)
[19:56:21 DBG] radarr-anime: Process transaction for guide CF 1ef101b3a82646b40e0cab7fc92cd896 (Anime BD Tier 07)
[19:56:21 DBG] radarr-anime: Process transaction for guide CF 6115ccd6640b978234cc47f2c1f2cadc (Anime BD Tier 08)
[19:56:21 DBG] radarr-anime: Process transaction for guide CF 8167cffba4febfb9a6988ef24f274e7e (Anime Web Tier 01)
[19:56:21 DBG] radarr-anime: Process transaction for guide CF 8526c54e36b4962d340fce52ef030e76 (Anime Web Tier 02)
[19:56:21 DBG] radarr-anime: Process transaction for guide CF de41e72708d2c856fa261094c85e965d (Anime Web Tier 03)
[19:56:21 DBG] radarr-anime: Process transaction for guide CF 9edaeee9ea3bcd585da9b7c0ac3fc54f (Anime Web Tier 04)
[19:56:21 DBG] radarr-anime: Process transaction for guide CF 22d953bbe897857b517928f3652b8dd3 (Anime Web Tier 05)
[19:56:21 DBG] radarr-anime: Process transaction for guide CF a786fbc0eae05afe3bb51aee3c83a9d4 (Anime Web Tier 06)
[19:56:21 DBG] radarr-anime: Process transaction for guide CF 3a3ff47579026e76d6504ebea39390de (Remux Tier 01)
[19:56:21 DBG] radarr-anime: Process transaction for guide CF 9f98181fe5a3fbeb0cc29340da2a468a (Remux Tier 02)
[19:56:21 DBG] radarr-anime: Process transaction for guide CF 8baaf0b3142bf4d94c42a724f034e27a (Remux Tier 03)
[19:56:21 DBG] radarr-anime: Process transaction for guide CF 06b6542a47037d1e33b15aa3677c2365 (Anime Raws)
[19:56:21 DBG] radarr-anime: Process transaction for guide CF b0fdc5897f68c9a68c70c25169f77447 (Anime LQ Groups)
[19:56:21 DBG] radarr-anime: Process transaction for guide CF c259005cbaeb5ab44c06eddb4751e70c (v0)
[19:56:21 DBG] radarr-anime: Process transaction for guide CF 5f400539421b8fcf71d51e6384434573 (v1)
[19:56:21 DBG] radarr-anime: Process transaction for guide CF 3df5e6dfef4b09bb6002f732bed5b774 (v2)
[19:56:21 DBG] radarr-anime: Process transaction for guide CF db92c27ba606996b146b57fbe6d09186 (v3)
[19:56:21 DBG] radarr-anime: Process transaction for guide CF d4e5e842fad129a3c097bdb2d20d31a0 (v4)
[19:56:21 DBG] radarr-anime: Process transaction for guide CF 60f6d50cbd3cfc3e9a8c00e3a30c3114 (VRV)
[19:56:21 DBG] radarr-anime: Process transaction for guide CF b23eae459cc960816f2d6ba84af45055 (Dubs Only)
[19:56:21 DBG] radarr-anime: Process transaction for guide CF 9172b2f683f6223e3a1846427b417a3d (VOSTFR)
[19:56:21 DBG] radarr-anime: Process transaction for guide CF cae4ca30163749b891686f95532519bd (AV1)
[19:56:21 INF] radarr-anime: Skipped 31 Custom Formats that did not change
[19:56:21 DBG] radarr-anime: Custom Formats Skipped: {"064af5f084a0a24458cc8ecd3220f93f":"Uncensored","a5d148168c4506b55cf53984107c396e":"10bit","4a3b087eea2ce012fcc1ce319259a3be":"Anime Dual Audio","fb3ccc5d5cc8f77c9055d4cb4561dded":"Anime BD Tier 01","66926c8fa9312bc74ab71bf69aae4f4a":"Anime BD Tier 02","fa857662bad28d5ff21a6e611869a0ff":"Anime BD Tier 03","f262f1299d99b1a2263375e8fa2ddbb3":"Anime BD Tier 04","ca864ed93c7b431150cc6748dc34875d":"Anime BD Tier 05","9dce189b960fddf47891b7484ee886ca":"Anime BD Tier 06","1ef101b3a82646b40e0cab7fc92cd896":"Anime BD Tier 07","6115ccd6640b978234cc47f2c1f2cadc":"Anime BD Tier 08","8167cffba4febfb9a6988ef24f274e7e":"Anime Web Tier 01","8526c54e36b4962d340fce52ef030e76":"Anime Web Tier 02","de41e72708d2c856fa261094c85e965d":"Anime Web Tier 03","9edaeee9ea3bcd585da9b7c0ac3fc54f":"Anime Web Tier 04","22d953bbe897857b517928f3652b8dd3":"Anime Web Tier 05","a786fbc0eae05afe3bb51aee3c83a9d4":"Anime Web Tier 06","3a3ff47579026e76d6504ebea39390de":"Remux Tier 01","9f98181fe5a3fbeb0cc29340da2a468a":"Remux Tier 02","8baaf0b3142bf4d94c42a724f034e27a":"Remux Tier 03","06b6542a47037d1e33b15aa3677c2365":"Anime Raws","b0fdc5897f68c9a68c70c25169f77447":"Anime LQ Groups","c259005cbaeb5ab44c06eddb4751e70c":"v0","5f400539421b8fcf71d51e6384434573":"v1","3df5e6dfef4b09bb6002f732bed5b774":"v2","db92c27ba606996b146b57fbe6d09186":"v3","d4e5e842fad129a3c097bdb2d20d31a0":"v4","60f6d50cbd3cfc3e9a8c00e3a30c3114":"VRV","b23eae459cc960816f2d6ba84af45055":"Dubs Only","9172b2f683f6223e3a1846427b417a3d":"VOSTFR","cae4ca30163749b891686f95532519bd":"AV1"}
[19:56:21 INF] radarr-anime: All custom formats are already up to date!
[19:56:21 DBG] radarr-anime: Saving Custom Format State to path /config/state/radarr/28395de97dfd16ea/custom-format-mappings.json
[19:56:21 DBG] radarr-anime: Pipeline CustomFormat result: Completed
[19:56:21 DBG] radarr-anime: Executing Pipeline: Quality Definition
[19:56:21 DBG] radarr-anime: HTTP Request: GET http://redacted:7878/api/v3/qualitydefinition
[19:56:21 DBG] radarr-anime: HTTP Response: 200 GET http://redacted:7878/api/v3/qualitydefinition
[19:56:21 DBG] radarr-anime: Processed Quality HDTV-720p: [IsDifferent: False] [Min: 17.1, 17.1] [Max: null, 2000 (2000)] [Preferred: null, 1999 (1999)]
[19:56:21 DBG] radarr-anime: Processed Quality WEBDL-720p: [IsDifferent: False] [Min: 12.5, 12.5] [Max: null, 2000 (2000)] [Preferred: null, 1999 (1999)]
[19:56:21 DBG] radarr-anime: Processed Quality WEBRip-720p: [IsDifferent: False] [Min: 12.5, 12.5] [Max: null, 2000 (2000)] [Preferred: null, 1999 (1999)]
[19:56:21 DBG] radarr-anime: Processed Quality Bluray-720p: [IsDifferent: False] [Min: 25.7, 25.7] [Max: null, 2000 (2000)] [Preferred: null, 1999 (1999)]
[19:56:21 DBG] radarr-anime: Processed Quality HDTV-1080p: [IsDifferent: False] [Min: 33.8, 33.8] [Max: null, 2000 (2000)] [Preferred: null, 1999 (1999)]
[19:56:21 DBG] radarr-anime: Processed Quality WEBDL-1080p: [IsDifferent: False] [Min: 12.5, 12.5] [Max: null, 2000 (2000)] [Preferred: null, 1999 (1999)]
[19:56:21 DBG] radarr-anime: Processed Quality WEBRip-1080p: [IsDifferent: False] [Min: 12.5, 12.5] [Max: null, 2000 (2000)] [Preferred: null, 1999 (1999)]
[19:56:21 DBG] radarr-anime: Processed Quality Bluray-1080p: [IsDifferent: False] [Min: 50.8, 50.8] [Max: null, 2000 (2000)] [Preferred: null, 1999 (1999)]
[19:56:21 DBG] radarr-anime: Processed Quality Remux-1080p: [IsDifferent: False] [Min: 102, 102] [Max: null, 2000 (2000)] [Preferred: null, 1999 (1999)]
[19:56:21 DBG] radarr-anime: Processed Quality HDTV-2160p: [IsDifferent: False] [Min: 85, 85] [Max: null, 2000 (2000)] [Preferred: null, 1999 (1999)]
[19:56:21 DBG] radarr-anime: Processed Quality WEBDL-2160p: [IsDifferent: False] [Min: 34.5, 34.5] [Max: null, 2000 (2000)] [Preferred: null, 1999 (1999)]
[19:56:21 DBG] radarr-anime: Processed Quality WEBRip-2160p: [IsDifferent: False] [Min: 34.5, 34.5] [Max: null, 2000 (2000)] [Preferred: null, 1999 (1999)]
[19:56:21 DBG] radarr-anime: Processed Quality Bluray-2160p: [IsDifferent: False] [Min: 102, 102] [Max: null, 2000 (2000)] [Preferred: null, 1999 (1999)]
[19:56:21 DBG] radarr-anime: Processed Quality Remux-2160p: [IsDifferent: False] [Min: 187.4, 187.4] [Max: null, 2000 (2000)] [Preferred: null, 1999 (1999)]
[19:56:21 INF] radarr-anime: All sizes for quality definition movie are already up to date!
[19:56:21 DBG] radarr-anime: Pipeline QualitySize result: Completed
[19:56:21 DBG] radarr-anime: Executing Pipeline: Sonarr Media Naming
[19:56:21 DBG] radarr-anime: Pipeline SonarrMediaNaming result: Completed
[19:56:21 DBG] radarr-anime: Executing Pipeline: Radarr Media Naming
[19:56:21 DBG] radarr-anime: Pipeline RadarrMediaNaming result: Completed
[19:56:21 DBG] radarr-anime: Executing Pipeline: Media Management
[19:56:21 DBG] radarr-anime: Pipeline MediaManagement result: Completed
[19:56:21 DBG] radarr-anime: Executing Pipeline: Quality Profile
[19:56:21 DBG] radarr-anime: HTTP Request: GET http://redacted:7878/api/v3/qualityprofile
[19:56:21 DBG] radarr-anime: HTTP Request: GET http://redacted:7878/api/v3/qualityprofile/schema
[19:56:21 DBG] radarr-anime: HTTP Request: GET http://redacted:7878/api/v3/language
[19:56:21 DBG] radarr-anime: HTTP Response: 200 GET http://redacted:7878/api/v3/qualityprofile
[19:56:21 DBG] radarr-anime: HTTP Response: 200 GET http://redacted:7878/api/v3/language
[19:56:21 DBG] radarr-anime: HTTP Response: 200 GET http://redacted:7878/api/v3/qualityprofile/schema
[19:56:21 DBG] radarr-anime: Loading Quality Profile State from path: /config/state/radarr/28395de97dfd16ea/quality-profile-mappings.json
[19:56:21 DBG] radarr-anime: Pass 1: guide QP 722b624f9af1e492284c4bc842153a38 (Remux-1080p - Anime), exact cached ID: 7
[19:56:21 DBG] radarr-anime: Updates for profile Remux-1080p - Anime
[19:56:21 DBG] radarr-anime: Name: Remux-1080p - Anime -> Remux-1080p - Anime
[19:56:21 DBG] radarr-anime: Upgrade Allowed: True -> True
[19:56:21 DBG] radarr-anime: Cutoff: Remux-1080p -> Remux 1080p
[19:56:21 DBG] radarr-anime: Cutoff Score: 10000 -> 10000
[19:56:21 DBG] radarr-anime: Minimum Score: 100 -> 100
[19:56:21 DBG] radarr-anime: Minimum Upgrade Score: 1 -> 1
[19:56:21 DBG] radarr-anime: HTTP Request: PUT http://redacted:7878/api/v3/qualityprofile/7
[19:56:21 DBG] radarr-anime: HTTP Response: 202 PUT http://redacted:7878/api/v3/qualityprofile/7
[19:56:21 DBG] radarr-anime: Saving Quality Profile State to path /config/state/radarr/28395de97dfd16ea/quality-profile-mappings.json
[19:56:21 INF] radarr-anime: Updated 1 Profiles: ["Remux-1080p - Anime"]
[19:56:21 INF] radarr-anime: A total of 1 profiles were synced. 1 contain quality changes and 0 contain updated scores
[19:56:21 DBG] radarr-anime: Pipeline QualityProfile result: Completed
[19:56:21 INF] radarr-anime: Completed at 03/05/2026 19:56:21
[19:56:21 DBG] CfGroup: Querying Radarr CF groups
[19:56:21 DBG] CfGroup: Found 20 CF group files in registry
[19:56:21 DBG] CfGroup: Retrieved 20 Radarr CF groups
[19:56:21 DBG] QualityProfile: Querying Radarr quality profiles
[19:56:21 DBG] QualityProfile: Found 33 quality profile files in registry
[19:56:21 DBG] QualityProfile: Retrieved 33 Radarr quality profiles
[19:56:21 INF] radarr-1080p: Processing Radarr server radarr-1080p
[19:56:21 DBG] radarr-1080p: HTTP Request: GET http://redacted:7878/api/v3/system/status
[19:56:21 DBG] radarr-1080p: HTTP Response: 200 GET http://redacted:7878/api/v3/system/status
[19:56:21 DBG] radarr-1080p: Radarr Version: 6.1.1.10317
[19:56:21 DBG] radarr-1080p: Running plan component: CustomFormatPlanComponent
[19:56:21 DBG] radarr-1080p: CustomFormat: Querying Radarr custom formats
[19:56:21 DBG] radarr-1080p: CustomFormat: Found 207 CF files in registry
[19:56:21 DBG] radarr-1080p: CustomFormat: Retrieved 207 Radarr custom formats
[19:56:21 DBG] radarr-1080p: QualityProfile: Querying Radarr quality profiles
[19:56:21 DBG] radarr-1080p: QualityProfile: Found 33 quality profile files in registry
[19:56:21 DBG] radarr-1080p: QualityProfile: Retrieved 33 Radarr quality profiles
[19:56:21 DBG] radarr-1080p: CfGroup: Querying Radarr CF groups
[19:56:21 DBG] radarr-1080p: CfGroup: Found 20 CF group files in registry
[19:56:21 DBG] radarr-1080p: CfGroup: Retrieved 20 Radarr CF groups
[19:56:21 DBG] radarr-1080p: Auto-syncing default CF group [Streaming Services] General for profiles: SQP-1 (1080p)
[19:56:21 DBG] radarr-1080p: Running plan component: QualityProfilePlanComponent
[19:56:21 DBG] radarr-1080p: Planning quality profiles for Radarr radarr-1080p: 1 profiles
[19:56:21 DBG] radarr-1080p:   Profile SQP-1 (1080p): TrashId=0896c29d74de619df168d23b98104b22, MinUpgradeFormatScore=null
[19:56:21 DBG] radarr-1080p: QualityProfile: Querying Radarr quality profiles
[19:56:21 DBG] radarr-1080p: QualityProfile: Found 33 quality profile files in registry
[19:56:21 DBG] radarr-1080p: QualityProfile: Retrieved 33 Radarr quality profiles
[19:56:21 DBG] radarr-1080p: Running plan component: QualitySizePlanComponent
[19:56:21 DBG] radarr-1080p: QualitySize: Querying Radarr quality sizes
[19:56:21 DBG] radarr-1080p: QualitySize: Found 4 quality size files in registry
[19:56:21 DBG] radarr-1080p: QualitySize: Retrieved 4 Radarr quality size definitions
[19:56:21 DBG] radarr-1080p: Running plan component: SonarrMediaNamingPlanComponent
[19:56:21 DBG] radarr-1080p: Running plan component: RadarrMediaNamingPlanComponent
[19:56:21 DBG] radarr-1080p: MediaNaming: Querying Radarr naming conventions
[19:56:21 DBG] radarr-1080p: MediaNaming: Found 1 naming files in registry
[19:56:21 DBG] radarr-1080p: MediaNaming: Retrieved 15 file formats, 7 folder formats
[19:56:21 DBG] radarr-1080p: Running plan component: MediaManagementPlanComponent
[19:56:21 DBG] radarr-1080p: Pipeline execution order: CustomFormat -> QualitySize -> SonarrMediaNaming -> RadarrMediaNaming -> MediaManagement -> QualityProfile
[19:56:21 DBG] radarr-1080p: Executing Pipeline: Custom Format
[19:56:21 DBG] radarr-1080p: Loading Custom Format State from path: /config/state/radarr/eff763f3f89caed0/custom-format-mappings.json
[19:56:21 DBG] radarr-1080p: HTTP Request: GET http://redacted:7878/api/v3/customformat
[19:56:21 DBG] radarr-1080p: HTTP Response: 200 GET http://redacted:7878/api/v3/customformat
[19:56:21 DBG] radarr-1080p: Process transaction for guide CF 496f355514737f7d83bf7aa4d24f8169 (TrueHD ATMOS)
[19:56:21 DBG] radarr-1080p: Process transaction for guide CF 2f22d89048b01681dde8afe203bf2e95 (DTS X)
[19:56:21 DBG] radarr-1080p: Process transaction for guide CF 417804f7f2c4308c1f4c5d380d4c4475 (ATMOS (undefined))
[19:56:21 DBG] radarr-1080p: Process transaction for guide CF 1af239278386be2919e1bcee0bde047e (DD+ ATMOS)
[19:56:21 DBG] radarr-1080p: Process transaction for guide CF 3cafb66171b47f226146a0770576870f (TrueHD)
[19:56:21 DBG] radarr-1080p: Process transaction for guide CF dcf3ec6938fa32445f590a4da84256cd (DTS-HD MA)
[19:56:21 DBG] radarr-1080p: Process transaction for guide CF a570d4a0e56a2874b64e5bfa55202a1b (FLAC)
[19:56:21 DBG] radarr-1080p: Process transaction for guide CF e7c2fcae07cbada050a0af3357491d7b (PCM)
[19:56:21 DBG] radarr-1080p: Process transaction for guide CF 8e109e50e0a0b83a5098b056e13bf6db (DTS-HD HRA)
[19:56:21 DBG] radarr-1080p: Process transaction for guide CF 185f1dd7264c4562b9022d963ac37424 (DD+)
[19:56:21 DBG] radarr-1080p: Process transaction for guide CF f9f847ac70a0af62ea4a08280b859636 (DTS-ES)
[19:56:21 DBG] radarr-1080p: Process transaction for guide CF 1c1a4c5e823891c75bc50380a6866f73 (DTS)
[19:56:21 DBG] radarr-1080p: Process transaction for guide CF 240770601cc226190c367ef59aba7463 (AAC)
[19:56:21 DBG] radarr-1080p: Process transaction for guide CF c2998bd0d90ed5621d8df281e839436e (DD)
[19:56:21 DBG] radarr-1080p: Process transaction for guide CF 5153ec7413d9dae44e24275589b5e944 (BHDStudio)
[19:56:21 DBG] radarr-1080p: Process transaction for guide CF 7a0d1ad358fee9f5b074af3ef3f9d9ef (hallowed)
[19:56:21 DBG] radarr-1080p: Process transaction for guide CF c20f169ef63c5f40c2def54abaf4438e (WEB Tier 01)
[19:56:21 DBG] radarr-1080p: Process transaction for guide CF 403816d65392c79236dcb6dd591aeda4 (WEB Tier 02)
[19:56:21 DBG] radarr-1080p: Process transaction for guide CF af94e0fe497124d1f9ce732069ec8c3b (WEB Tier 03)
[19:56:21 DBG] radarr-1080p: Process transaction for guide CF ed27ebfef2f323e964fb1f61391bcb35 (HD Bluray Tier 01)
[19:56:21 DBG] radarr-1080p: Process transaction for guide CF c20c8647f2746a1f4c4262b0fbbeeeae (HD Bluray Tier 02)
[19:56:21 DBG] radarr-1080p: Process transaction for guide CF 5608c71bcebba0a5e666223bae8c9227 (HD Bluray Tier 03)
[19:56:21 DBG] radarr-1080p: Process transaction for guide CF e7718d7a3ce595f289bfee26adc178f5 (Repack/Proper)
[19:56:21 DBG] radarr-1080p: Process transaction for guide CF ae43b294509409a6a13919dedd4764c4 (Repack2)
[19:56:21 DBG] radarr-1080p: Process transaction for guide CF 5caaaa1c08c1742aa4342d8c4cc463f2 (Repack3)
[19:56:21 DBG] radarr-1080p: Process transaction for guide CF ed38b889b31be83fda192888e2286d83 (BR-DISK)
[19:56:21 DBG] radarr-1080p: Process transaction for guide CF e6886871085226c3da1830830146846c (Generated Dynamic HDR)
[19:56:21 DBG] radarr-1080p: Process transaction for guide CF 90a6f9a284dff5103f6346090e6280c8 (LQ)
[19:56:21 DBG] radarr-1080p: Process transaction for guide CF e204b80c87be9497a8a6eaff48f72905 (LQ (Release Title))
[19:56:21 DBG] radarr-1080p: Process transaction for guide CF dc98083864ea246d05a42df0d05f81cc (x265 (HD))
[19:56:21 DBG] radarr-1080p: Process transaction for guide CF b8cd450cbfa689c0259a01d9e29ba3d6 (3D)
[19:56:21 DBG] radarr-1080p: Process transaction for guide CF 0a3f082873eb454bde444150b70253cc (Extras)
[19:56:21 DBG] radarr-1080p: Process transaction for guide CF 712d74cd88bceb883ee32f773656b1f5 (Sing-Along Versions)
[19:56:21 DBG] radarr-1080p: Process transaction for guide CF a5d148168c4506b55cf53984107c396e (10bit)
[19:56:21 DBG] radarr-1080p: Process transaction for guide CF cae4ca30163749b891686f95532519bd (AV1)
[19:56:21 DBG] radarr-1080p: Process transaction for guide CF 820b09bb9acbfde9c35c71e0e565dad8 (1080p)
[19:56:21 DBG] radarr-1080p: Process transaction for guide CF b2be17d608fc88818940cd1833b0b24c (720p)
[19:56:21 DBG] radarr-1080p: Process transaction for guide CF b3b3a6ac74ecbd56bcdbefa4799fb9df (AMZN)
[19:56:21 DBG] radarr-1080p: Process transaction for guide CF df13ed57843877b21ad969184ab6888f (ATV)
[19:56:21 DBG] radarr-1080p: Process transaction for guide CF 40e9380490e748672c2522eaaeb692f7 (ATVP)
[19:56:21 DBG] radarr-1080p: Process transaction for guide CF cc5e51a9e85a6296ceefe097a77f12f4 (BCORE)
[19:56:21 DBG] radarr-1080p: Process transaction for guide CF 16622a6911d1ab5d5b8b713d5b0036d4 (CRiT)
[19:56:21 DBG] radarr-1080p: Process transaction for guide CF 84272245b2988854bfb76a16e60baea5 (DSNP)
[19:56:21 DBG] radarr-1080p: Process transaction for guide CF 509e5f41146e278f9eab1ddaceb34515 (HBO)
[19:56:21 DBG] radarr-1080p: Process transaction for guide CF 5763d1b0ce84aff3b21038eea8e9b8ad (HMAX)
[19:56:21 DBG] radarr-1080p: Process transaction for guide CF 526d445d4c16214309f0fd2b3be18a89 (Hulu)
[19:56:21 DBG] radarr-1080p: Process transaction for guide CF e0ec9672be6cac914ffad34a6b077209 (iT)
[19:56:21 DBG] radarr-1080p: Process transaction for guide CF 2a6039655313bf5dab1e43523b62c374 (MA)
[19:56:21 DBG] radarr-1080p: Process transaction for guide CF 6a061313d22e51e0f25b7cd4dc065233 (MAX)
[19:56:21 DBG] radarr-1080p: Process transaction for guide CF 170b1d363bd8516fbf3a3eb05d4faff6 (NF)
[19:56:21 DBG] radarr-1080p: Process transaction for guide CF c9fd353f8f5f1baf56dc601c4cb29920 (PCOK)
[19:56:21 DBG] radarr-1080p: Process transaction for guide CF e36a0ba1bc902b26ee40818a1d59b8bd (PMTP)
[19:56:21 DBG] radarr-1080p: Process transaction for guide CF 350e9170619683a55cb9191d0b1ababa (PLAY)
[19:56:21 DBG] radarr-1080p: Process transaction for guide CF 44c2b54d7c81c1a442a8b2cabeaef54f (ROKU)
[19:56:21 DBG] radarr-1080p: Process transaction for guide CF c2863d2a50c9acad1fb50e53ece60817 (STAN)
[19:56:21 INF] radarr-1080p: Skipped 55 Custom Formats that did not change
[19:56:21 DBG] radarr-1080p: Custom Formats Skipped: {"496f355514737f7d83bf7aa4d24f8169":"TrueHD ATMOS","2f22d89048b01681dde8afe203bf2e95":"DTS X","417804f7f2c4308c1f4c5d380d4c4475":"ATMOS (undefined)","1af239278386be2919e1bcee0bde047e":"DD+ ATMOS","3cafb66171b47f226146a0770576870f":"TrueHD","dcf3ec6938fa32445f590a4da84256cd":"DTS-HD MA","a570d4a0e56a2874b64e5bfa55202a1b":"FLAC","e7c2fcae07cbada050a0af3357491d7b":"PCM","8e109e50e0a0b83a5098b056e13bf6db":"DTS-HD HRA","185f1dd7264c4562b9022d963ac37424":"DD+","f9f847ac70a0af62ea4a08280b859636":"DTS-ES","1c1a4c5e823891c75bc50380a6866f73":"DTS","240770601cc226190c367ef59aba7463":"AAC","c2998bd0d90ed5621d8df281e839436e":"DD","5153ec7413d9dae44e24275589b5e944":"BHDStudio","7a0d1ad358fee9f5b074af3ef3f9d9ef":"hallowed","c20f169ef63c5f40c2def54abaf4438e":"WEB Tier 01","403816d65392c79236dcb6dd591aeda4":"WEB Tier 02","af94e0fe497124d1f9ce732069ec8c3b":"WEB Tier 03","ed27ebfef2f323e964fb1f61391bcb35":"HD Bluray Tier 01","c20c8647f2746a1f4c4262b0fbbeeeae":"HD Bluray Tier 02","5608c71bcebba0a5e666223bae8c9227":"HD Bluray Tier 03","e7718d7a3ce595f289bfee26adc178f5":"Repack/Proper","ae43b294509409a6a13919dedd4764c4":"Repack2","5caaaa1c08c1742aa4342d8c4cc463f2":"Repack3","ed38b889b31be83fda192888e2286d83":"BR-DISK","e6886871085226c3da1830830146846c":"Generated Dynamic HDR","90a6f9a284dff5103f6346090e6280c8":"LQ","e204b80c87be9497a8a6eaff48f72905":"LQ (Release Title)","dc98083864ea246d05a42df0d05f81cc":"x265 (HD)","b8cd450cbfa689c0259a01d9e29ba3d6":"3D","0a3f082873eb454bde444150b70253cc":"Extras","712d74cd88bceb883ee32f773656b1f5":"Sing-Along Versions","a5d148168c4506b55cf53984107c396e":"10bit","cae4ca30163749b891686f95532519bd":"AV1","820b09bb9acbfde9c35c71e0e565dad8":"1080p","b2be17d608fc88818940cd1833b0b24c":"720p","b3b3a6ac74ecbd56bcdbefa4799fb9df":"AMZN","df13ed57843877b21ad969184ab6888f":"ATV","40e9380490e748672c2522eaaeb692f7":"ATVP","cc5e51a9e85a6296ceefe097a77f12f4":"BCORE","16622a6911d1ab5d5b8b713d5b0036d4":"CRiT","84272245b2988854bfb76a16e60baea5":"DSNP","509e5f41146e278f9eab1ddaceb34515":"HBO","5763d1b0ce84aff3b21038eea8e9b8ad":"HMAX","526d445d4c16214309f0fd2b3be18a89":"Hulu","e0ec9672be6cac914ffad34a6b077209":"iT","2a6039655313bf5dab1e43523b62c374":"MA","6a061313d22e51e0f25b7cd4dc065233":"MAX","170b1d363bd8516fbf3a3eb05d4faff6":"NF","c9fd353f8f5f1baf56dc601c4cb29920":"PCOK","e36a0ba1bc902b26ee40818a1d59b8bd":"PMTP","350e9170619683a55cb9191d0b1ababa":"PLAY","44c2b54d7c81c1a442a8b2cabeaef54f":"ROKU","c2863d2a50c9acad1fb50e53ece60817":"STAN"}
[19:56:21 INF] radarr-1080p: All custom formats are already up to date!
[19:56:21 DBG] radarr-1080p: Saving Custom Format State to path /config/state/radarr/eff763f3f89caed0/custom-format-mappings.json
[19:56:21 DBG] radarr-1080p: Pipeline CustomFormat result: Completed
[19:56:21 DBG] radarr-1080p: Executing Pipeline: Quality Definition
[19:56:21 DBG] radarr-1080p: HTTP Request: GET http://redacted:7878/api/v3/qualitydefinition
[19:56:21 DBG] radarr-1080p: HTTP Response: 200 GET http://redacted:7878/api/v3/qualitydefinition
[19:56:21 DBG] radarr-1080p: Processed Quality WEBDL-720p: [IsDifferent: False] [Min: 12.5, 12.5] [Max: 85.7, 85.7 (2000)] [Preferred: 84.7, 84.7 (1999)]
[19:56:21 DBG] radarr-1080p: Processed Quality WEBRip-720p: [IsDifferent: False] [Min: 12.5, 12.5] [Max: 85.7, 85.7 (2000)] [Preferred: 84.7, 84.7 (1999)]
[19:56:21 DBG] radarr-1080p: Processed Quality WEBDL-1080p: [IsDifferent: False] [Min: 12.5, 12.5] [Max: 102, 102 (2000)] [Preferred: 101, 101 (1999)]
[19:56:21 DBG] radarr-1080p: Processed Quality WEBRip-1080p: [IsDifferent: False] [Min: 12.5, 12.5] [Max: 102, 102 (2000)] [Preferred: 101, 101 (1999)]
[19:56:21 DBG] radarr-1080p: Processed Quality Bluray-720p: [IsDifferent: False] [Min: 25.2, 25.2] [Max: 102, 102 (2000)] [Preferred: 101, 101 (1999)]
[19:56:21 DBG] radarr-1080p: Processed Quality Bluray-1080p: [IsDifferent: False] [Min: 33.8, 33.8] [Max: 154, 154 (2000)] [Preferred: 153, 153 (1999)]
[19:56:21 DBG] radarr-1080p: Processed Quality WEBDL-2160p: [IsDifferent: False] [Min: 34.5, 34.5] [Max: 222.2, 222.2 (2000)] [Preferred: 221.2, 221.2 (1999)]
[19:56:21 DBG] radarr-1080p: Processed Quality WEBRip-2160p: [IsDifferent: False] [Min: 34.5, 34.5] [Max: 222.2, 222.2 (2000)] [Preferred: 221.2, 221.2 (1999)]
[19:56:21 DBG] radarr-1080p: Processed Quality Bluray-2160p: [IsDifferent: False] [Min: 102, 102] [Max: 204.4, 204.4 (2000)] [Preferred: 203.4, 203.4 (1999)]
[19:56:21 INF] radarr-1080p: All sizes for quality definition sqp-streaming are already up to date!
[19:56:21 DBG] radarr-1080p: Pipeline QualitySize result: Completed
[19:56:21 DBG] radarr-1080p: Executing Pipeline: Sonarr Media Naming
[19:56:21 DBG] radarr-1080p: Pipeline SonarrMediaNaming result: Completed
[19:56:21 DBG] radarr-1080p: Executing Pipeline: Radarr Media Naming
[19:56:21 DBG] radarr-1080p: Pipeline RadarrMediaNaming result: Completed
[19:56:21 DBG] radarr-1080p: Executing Pipeline: Media Management
[19:56:21 DBG] radarr-1080p: Pipeline MediaManagement result: Completed
[19:56:21 DBG] radarr-1080p: Executing Pipeline: Quality Profile
[19:56:21 DBG] radarr-1080p: HTTP Request: GET http://redacted:7878/api/v3/qualityprofile
[19:56:21 DBG] radarr-1080p: HTTP Request: GET http://redacted:7878/api/v3/qualityprofile/schema
[19:56:21 DBG] radarr-1080p: HTTP Request: GET http://redacted:7878/api/v3/language
[19:56:21 DBG] radarr-1080p: HTTP Response: 200 GET http://redacted:7878/api/v3/qualityprofile/schema
[19:56:21 DBG] radarr-1080p: HTTP Response: 200 GET http://redacted:7878/api/v3/qualityprofile
[19:56:21 DBG] radarr-1080p: HTTP Response: 200 GET http://redacted:7878/api/v3/language
[19:56:21 DBG] radarr-1080p: Loading Quality Profile State from path: /config/state/radarr/eff763f3f89caed0/quality-profile-mappings.json
[19:56:21 DBG] radarr-1080p: Pass 1: guide QP 0896c29d74de619df168d23b98104b22 (SQP-1 (1080p)), exact cached ID: 6
[19:56:21 DBG] radarr-1080p: Updates for profile SQP-1 (1080p)
[19:56:21 DBG] radarr-1080p: Name: SQP-1 (1080p) -> SQP-1 (1080p)
[19:56:21 DBG] radarr-1080p: Upgrade Allowed: True -> True
[19:56:21 DBG] radarr-1080p: Cutoff: Bluray|WEB-1080p -> Bluray|WEB-1080p
[19:56:21 DBG] radarr-1080p: Cutoff Score: 10000 -> 10000
[19:56:21 DBG] radarr-1080p: Minimum Score: 1000 -> 1000
[19:56:21 DBG] radarr-1080p: Minimum Upgrade Score: 1 -> 1
[19:56:21 DBG] radarr-1080p: Saving Quality Profile State to path /config/state/radarr/eff763f3f89caed0/quality-profile-mappings.json
[19:56:21 DBG] radarr-1080p: These profiles have no changes and will not be persisted: ["SQP-1 (1080p)"]
[19:56:21 INF] radarr-1080p: All quality profiles are up to date!
[19:56:21 DBG] radarr-1080p: Pipeline QualityProfile result: Completed
[19:56:21 INF] radarr-1080p: Completed at 03/05/2026 19:56:21
[19:56:21 DBG] CfGroup: Querying Sonarr CF groups
[19:56:21 DBG] CfGroup: Found 16 CF group files in registry
[19:56:21 DBG] CfGroup: Retrieved 16 Sonarr CF groups
[19:56:21 DBG] QualityProfile: Querying Sonarr quality profiles
[19:56:21 DBG] QualityProfile: Found 17 quality profile files in registry
[19:56:21 DBG] QualityProfile: Retrieved 17 Sonarr quality profiles
[19:56:21 INF] sonarr-anime: Processing Sonarr server sonarr-anime
[19:56:21 DBG] sonarr-anime: HTTP Request: GET http://redacted:8989/api/v3/system/status
[19:56:21 DBG] sonarr-anime: HTTP Response: 200 GET http://redacted:8989/api/v3/system/status
[19:56:21 DBG] sonarr-anime: Sonarr Version: 4.0.16.2946
[19:56:21 DBG] sonarr-anime: Running plan component: CustomFormatPlanComponent
[19:56:21 DBG] sonarr-anime: CustomFormat: Querying Sonarr custom formats
[19:56:21 DBG] sonarr-anime: CustomFormat: Found 199 CF files in registry
[19:56:21 DBG] sonarr-anime: CustomFormat: Retrieved 199 Sonarr custom formats
[19:56:21 DBG] sonarr-anime: QualityProfile: Querying Sonarr quality profiles
[19:56:21 DBG] sonarr-anime: QualityProfile: Found 17 quality profile files in registry
[19:56:21 DBG] sonarr-anime: QualityProfile: Retrieved 17 Sonarr quality profiles
[19:56:21 DBG] sonarr-anime: CfGroup: Querying Sonarr CF groups
[19:56:21 DBG] sonarr-anime: CfGroup: Found 16 CF group files in registry
[19:56:21 DBG] sonarr-anime: CfGroup: Retrieved 16 Sonarr CF groups
[19:56:21 DBG] sonarr-anime: Running plan component: QualityProfilePlanComponent
[19:56:21 DBG] sonarr-anime: Planning quality profiles for Sonarr sonarr-anime: 1 profiles
[19:56:21 DBG] sonarr-anime:   Profile Remux-1080p - Anime: TrashId=20e0fc959f1f1704bed501f23bdae76f, MinUpgradeFormatScore=null
[19:56:21 DBG] sonarr-anime: QualityProfile: Querying Sonarr quality profiles
[19:56:21 DBG] sonarr-anime: QualityProfile: Found 17 quality profile files in registry
[19:56:21 DBG] sonarr-anime: QualityProfile: Retrieved 17 Sonarr quality profiles
[19:56:21 DBG] sonarr-anime: Running plan component: QualitySizePlanComponent
[19:56:21 DBG] sonarr-anime: QualitySize: Querying Sonarr quality sizes
[19:56:21 DBG] sonarr-anime: QualitySize: Found 2 quality size files in registry
[19:56:21 DBG] sonarr-anime: QualitySize: Retrieved 2 Sonarr quality size definitions
[19:56:21 DBG] sonarr-anime: Running plan component: SonarrMediaNamingPlanComponent
[19:56:21 DBG] sonarr-anime: MediaNaming: Querying Sonarr naming conventions
[19:56:21 DBG] sonarr-anime: MediaNaming: Found 1 naming files in registry
[19:56:21 DBG] sonarr-anime: MediaNaming: Retrieved 1 season, 6 series, 1 anime, 2 daily, 3 standard formats
[19:56:21 DBG] sonarr-anime: Running plan component: RadarrMediaNamingPlanComponent
[19:56:21 DBG] sonarr-anime: Running plan component: MediaManagementPlanComponent
[19:56:21 DBG] sonarr-anime: Pipeline execution order: CustomFormat -> QualitySize -> SonarrMediaNaming -> RadarrMediaNaming -> MediaManagement -> QualityProfile
[19:56:21 DBG] sonarr-anime: Executing Pipeline: Custom Format
[19:56:21 DBG] sonarr-anime: Loading Custom Format State from path: /config/state/sonarr/cf8e90bf9417d236/custom-format-mappings.json
[19:56:21 DBG] sonarr-anime: HTTP Request: GET http://redacted:8989/api/v3/customformat
[19:56:21 DBG] sonarr-anime: HTTP Response: 200 GET http://redacted:8989/api/v3/customformat
[19:56:21 DBG] sonarr-anime: Process transaction for guide CF 026d5aadd1a6b4e550b134cb6c72b3ca (Uncensored)
[19:56:21 DBG] sonarr-anime: Process transaction for guide CF 949c16fe0a8147f50ba82cc2df9411c9 (Anime BD Tier 01)
[19:56:21 DBG] sonarr-anime: Process transaction for guide CF ed7f1e315e000aef424a58517fa48727 (Anime BD Tier 02)
[19:56:21 DBG] sonarr-anime: Process transaction for guide CF 096e406c92baa713da4a72d88030b815 (Anime BD Tier 03)
[19:56:21 DBG] sonarr-anime: Process transaction for guide CF 30feba9da3030c5ed1e0f7d610bcadc4 (Anime BD Tier 04)
[19:56:21 DBG] sonarr-anime: Process transaction for guide CF 545a76b14ddc349b8b185a6344e28b04 (Anime BD Tier 05)
[19:56:21 DBG] sonarr-anime: Process transaction for guide CF 25d2afecab632b1582eaf03b63055f72 (Anime BD Tier 06)
[19:56:21 DBG] sonarr-anime: Process transaction for guide CF 0329044e3d9137b08502a9f84a7e58db (Anime BD Tier 07)
[19:56:21 DBG] sonarr-anime: Process transaction for guide CF c81bbfb47fed3d5a3ad027d077f889de (Anime BD Tier 08)
[19:56:21 DBG] sonarr-anime: Process transaction for guide CF e0014372773c8f0e1bef8824f00c7dc4 (Anime Web Tier 01)
[19:56:21 DBG] sonarr-anime: Process transaction for guide CF 19180499de5ef2b84b6ec59aae444696 (Anime Web Tier 02)
[19:56:21 DBG] sonarr-anime: Process transaction for guide CF c27f2ae6a4e82373b0f1da094e2489ad (Anime Web Tier 03)
[19:56:21 DBG] sonarr-anime: Process transaction for guide CF 4fd5528a3a8024e6b49f9c67053ea5f3 (Anime Web Tier 04)
[19:56:21 DBG] sonarr-anime: Process transaction for guide CF 29c2a13d091144f63307e4a8ce963a39 (Anime Web Tier 05)
[19:56:21 DBG] sonarr-anime: Process transaction for guide CF dc262f88d74c651b12e9d90b39f6c753 (Anime Web Tier 06)
[19:56:21 DBG] sonarr-anime: Process transaction for guide CF 9965a052eb87b0d10313b1cea89eb451 (Remux Tier 01)
[19:56:21 DBG] sonarr-anime: Process transaction for guide CF 8a1d0c3d7497e741736761a1da866a2e (Remux Tier 02)
[19:56:21 DBG] sonarr-anime: Process transaction for guide CF b4a1b3d705159cdca36d71e57ca86871 (Anime Raws)
[19:56:21 DBG] sonarr-anime: Process transaction for guide CF e3515e519f3b1360cbfc17651944354c (Anime LQ Groups)
[19:56:21 DBG] sonarr-anime: Process transaction for guide CF 15a05bc7c1a36e2b57fd628f8977e2fc (AV1)
[19:56:21 DBG] sonarr-anime: Process transaction for guide CF d2d7b8a9d39413da5f44054080e028a3 (v0)
[19:56:21 DBG] sonarr-anime: Process transaction for guide CF 273bd326df95955e1b6c26527d1df89b (v1)
[19:56:21 DBG] sonarr-anime: Process transaction for guide CF 228b8ee9aa0a609463efca874524a6b8 (v2)
[19:56:21 DBG] sonarr-anime: Process transaction for guide CF 0e5833d3af2cc5fa96a0c29cd4477feb (v3)
[19:56:21 DBG] sonarr-anime: Process transaction for guide CF 4fc15eeb8f2f9a749f918217d4234ad8 (v4)
[19:56:21 DBG] sonarr-anime: Process transaction for guide CF b2550eb333d27b75833e25b8c2557b38 (10bit)
[19:56:21 DBG] sonarr-anime: Process transaction for guide CF 418f50b10f1907201b6cfdf881f467b7 (Anime Dual Audio)
[19:56:21 DBG] sonarr-anime: Process transaction for guide CF 9c14d194486c4014d422adc64092d794 (Dubs Only)
[19:56:21 DBG] sonarr-anime: Process transaction for guide CF 07a32f77690263bb9fda1842db7e273f (VOSTFR)
[19:56:21 DBG] sonarr-anime: Process transaction for guide CF 3e0b26604165f463f3e8e192261e7284 (CR)
[19:56:21 DBG] sonarr-anime: Process transaction for guide CF 89358767a60cc28783cdc3d0be9388a4 (DSNP)
[19:56:21 DBG] sonarr-anime: Process transaction for guide CF d34870697c9db575f17700212167be23 (NF)
[19:56:21 DBG] sonarr-anime: Process transaction for guide CF d660701077794679fd59e8bdf4ce3a29 (AMZN)
[19:56:21 DBG] sonarr-anime: Process transaction for guide CF 44a8ee6403071dd7b8a3a8dd3fe8cb20 (VRV)
[19:56:21 DBG] sonarr-anime: Process transaction for guide CF 1284d18e693de8efe0fe7d6b3e0b9170 (FUNi)
[19:56:21 DBG] sonarr-anime: Process transaction for guide CF a370d974bc7b80374de1d9ba7519760b (ABEMA)
[19:56:21 DBG] sonarr-anime: Process transaction for guide CF d54cd2bf1326287275b56bccedb72ee2 (ADN)
[19:56:21 DBG] sonarr-anime: Process transaction for guide CF 7dd31f3dee6d2ef8eeaa156e23c3857e (B-Global)
[19:56:21 DBG] sonarr-anime: Process transaction for guide CF 4c67ff059210182b59cdd41697b8cb08 (Bilibili)
[19:56:21 INF] sonarr-anime: Skipped 39 Custom Formats that did not change
[19:56:21 DBG] sonarr-anime: Custom Formats Skipped: {"026d5aadd1a6b4e550b134cb6c72b3ca":"Uncensored","949c16fe0a8147f50ba82cc2df9411c9":"Anime BD Tier 01","ed7f1e315e000aef424a58517fa48727":"Anime BD Tier 02","096e406c92baa713da4a72d88030b815":"Anime BD Tier 03","30feba9da3030c5ed1e0f7d610bcadc4":"Anime BD Tier 04","545a76b14ddc349b8b185a6344e28b04":"Anime BD Tier 05","25d2afecab632b1582eaf03b63055f72":"Anime BD Tier 06","0329044e3d9137b08502a9f84a7e58db":"Anime BD Tier 07","c81bbfb47fed3d5a3ad027d077f889de":"Anime BD Tier 08","e0014372773c8f0e1bef8824f00c7dc4":"Anime Web Tier 01","19180499de5ef2b84b6ec59aae444696":"Anime Web Tier 02","c27f2ae6a4e82373b0f1da094e2489ad":"Anime Web Tier 03","4fd5528a3a8024e6b49f9c67053ea5f3":"Anime Web Tier 04","29c2a13d091144f63307e4a8ce963a39":"Anime Web Tier 05","dc262f88d74c651b12e9d90b39f6c753":"Anime Web Tier 06","9965a052eb87b0d10313b1cea89eb451":"Remux Tier 01","8a1d0c3d7497e741736761a1da866a2e":"Remux Tier 02","b4a1b3d705159cdca36d71e57ca86871":"Anime Raws","e3515e519f3b1360cbfc17651944354c":"Anime LQ Groups","15a05bc7c1a36e2b57fd628f8977e2fc":"AV1","d2d7b8a9d39413da5f44054080e028a3":"v0","273bd326df95955e1b6c26527d1df89b":"v1","228b8ee9aa0a609463efca874524a6b8":"v2","0e5833d3af2cc5fa96a0c29cd4477feb":"v3","4fc15eeb8f2f9a749f918217d4234ad8":"v4","b2550eb333d27b75833e25b8c2557b38":"10bit","418f50b10f1907201b6cfdf881f467b7":"Anime Dual Audio","9c14d194486c4014d422adc64092d794":"Dubs Only","07a32f77690263bb9fda1842db7e273f":"VOSTFR","3e0b26604165f463f3e8e192261e7284":"CR","89358767a60cc28783cdc3d0be9388a4":"DSNP","d34870697c9db575f17700212167be23":"NF","d660701077794679fd59e8bdf4ce3a29":"AMZN","44a8ee6403071dd7b8a3a8dd3fe8cb20":"VRV","1284d18e693de8efe0fe7d6b3e0b9170":"FUNi","a370d974bc7b80374de1d9ba7519760b":"ABEMA","d54cd2bf1326287275b56bccedb72ee2":"ADN","7dd31f3dee6d2ef8eeaa156e23c3857e":"B-Global","4c67ff059210182b59cdd41697b8cb08":"Bilibili"}
[19:56:21 INF] sonarr-anime: All custom formats are already up to date!
[19:56:21 DBG] sonarr-anime: Saving Custom Format State to path /config/state/sonarr/cf8e90bf9417d236/custom-format-mappings.json
[19:56:21 DBG] sonarr-anime: Pipeline CustomFormat result: Completed
[19:56:21 DBG] sonarr-anime: Executing Pipeline: Quality Definition
[19:56:21 DBG] sonarr-anime: HTTP Request: GET http://redacted:8989/api/v3/qualitydefinition
[19:56:21 DBG] sonarr-anime: HTTP Response: 200 GET http://redacted:8989/api/v3/qualitydefinition
[19:56:21 DBG] sonarr-anime: Processed Quality SDTV: [IsDifferent: False] [Min: 5, 5] [Max: null, 1000 (1000)] [Preferred: null, 995 (995)]
[19:56:21 DBG] sonarr-anime: Processed Quality WEBRip-480p: [IsDifferent: False] [Min: 5, 5] [Max: null, 1000 (1000)] [Preferred: null, 995 (995)]
[19:56:21 DBG] sonarr-anime: Processed Quality WEBDL-480p: [IsDifferent: False] [Min: 5, 5] [Max: null, 1000 (1000)] [Preferred: null, 995 (995)]
[19:56:21 DBG] sonarr-anime: Processed Quality DVD: [IsDifferent: False] [Min: 5, 5] [Max: null, 1000 (1000)] [Preferred: null, 995 (995)]
[19:56:21 DBG] sonarr-anime: Processed Quality Bluray-480p: [IsDifferent: False] [Min: 5, 5] [Max: null, 1000 (1000)] [Preferred: null, 995 (995)]
[19:56:21 DBG] sonarr-anime: Processed Quality Bluray-576p: [IsDifferent: False] [Min: 5, 5] [Max: null, 1000 (1000)] [Preferred: null, 995 (995)]
[19:56:21 DBG] sonarr-anime: Processed Quality HDTV-720p: [IsDifferent: False] [Min: 5, 5] [Max: null, 1000 (1000)] [Preferred: null, 995 (995)]
[19:56:21 DBG] sonarr-anime: Processed Quality HDTV-1080p: [IsDifferent: False] [Min: 5, 5] [Max: null, 1000 (1000)] [Preferred: null, 995 (995)]
[19:56:21 DBG] sonarr-anime: Processed Quality WEBRip-720p: [IsDifferent: False] [Min: 5, 5] [Max: null, 1000 (1000)] [Preferred: null, 995 (995)]
[19:56:21 DBG] sonarr-anime: Processed Quality WEBDL-720p: [IsDifferent: False] [Min: 5, 5] [Max: null, 1000 (1000)] [Preferred: null, 995 (995)]
[19:56:21 DBG] sonarr-anime: Processed Quality Bluray-720p: [IsDifferent: False] [Min: 5, 5] [Max: null, 1000 (1000)] [Preferred: null, 995 (995)]
[19:56:21 DBG] sonarr-anime: Processed Quality WEBRip-1080p: [IsDifferent: False] [Min: 5, 5] [Max: null, 1000 (1000)] [Preferred: null, 995 (995)]
[19:56:21 DBG] sonarr-anime: Processed Quality WEBDL-1080p: [IsDifferent: False] [Min: 5, 5] [Max: null, 1000 (1000)] [Preferred: null, 995 (995)]
[19:56:21 DBG] sonarr-anime: Processed Quality Bluray-1080p: [IsDifferent: False] [Min: 5, 5] [Max: null, 1000 (1000)] [Preferred: null, 995 (995)]
[19:56:21 DBG] sonarr-anime: Processed Quality Bluray-1080p Remux: [IsDifferent: False] [Min: 5, 5] [Max: null, 1000 (1000)] [Preferred: null, 995 (995)]
[19:56:21 DBG] sonarr-anime: Processed Quality HDTV-2160p: [IsDifferent: False] [Min: 5, 5] [Max: null, 1000 (1000)] [Preferred: null, 995 (995)]
[19:56:21 DBG] sonarr-anime: Processed Quality WEBRip-2160p: [IsDifferent: False] [Min: 5, 5] [Max: null, 1000 (1000)] [Preferred: null, 995 (995)]
[19:56:21 DBG] sonarr-anime: Processed Quality WEBDL-2160p: [IsDifferent: False] [Min: 5, 5] [Max: null, 1000 (1000)] [Preferred: null, 995 (995)]
[19:56:21 DBG] sonarr-anime: Processed Quality Bluray-2160p: [IsDifferent: False] [Min: 5, 5] [Max: null, 1000 (1000)] [Preferred: null, 995 (995)]
[19:56:21 DBG] sonarr-anime: Processed Quality Bluray-2160p Remux: [IsDifferent: False] [Min: 5, 5] [Max: null, 1000 (1000)] [Preferred: null, 995 (995)]
[19:56:21 INF] sonarr-anime: All sizes for quality definition anime are already up to date!
[19:56:21 DBG] sonarr-anime: Pipeline QualitySize result: Completed
[19:56:21 DBG] sonarr-anime: Executing Pipeline: Sonarr Media Naming
[19:56:21 DBG] sonarr-anime: HTTP Request: GET http://redacted:8989/api/v3/config/naming
[19:56:21 DBG] sonarr-anime: HTTP Response: 200 GET http://redacted:8989/api/v3/config/naming
[19:56:21 DBG] sonarr-anime: HTTP Request: PUT http://redacted:8989/api/v3/config/naming/1
[19:56:21 DBG] sonarr-anime: HTTP Response: 202 PUT http://redacted:8989/api/v3/config/naming/1
[19:56:21 INF] sonarr-anime: Media naming is up to date!
[19:56:21 DBG] sonarr-anime: Pipeline SonarrMediaNaming result: Completed
[19:56:21 DBG] sonarr-anime: Executing Pipeline: Radarr Media Naming
[19:56:21 DBG] sonarr-anime: Pipeline RadarrMediaNaming result: Completed
[19:56:21 DBG] sonarr-anime: Executing Pipeline: Media Management
[19:56:21 DBG] sonarr-anime: Pipeline MediaManagement result: Completed
[19:56:21 DBG] sonarr-anime: Executing Pipeline: Quality Profile
[19:56:21 DBG] sonarr-anime: HTTP Request: GET http://redacted:8989/api/v3/qualityprofile
[19:56:21 DBG] sonarr-anime: HTTP Request: GET http://redacted:8989/api/v3/qualityprofile/schema
[19:56:21 DBG] sonarr-anime: HTTP Response: 200 GET http://redacted:8989/api/v3/qualityprofile
[19:56:21 DBG] sonarr-anime: HTTP Request: GET http://redacted:8989/api/v3/language
[19:56:21 DBG] sonarr-anime: HTTP Response: 200 GET http://redacted:8989/api/v3/qualityprofile/schema
[19:56:21 DBG] sonarr-anime: HTTP Response: 200 GET http://redacted:8989/api/v3/language
[19:56:22 DBG] sonarr-anime: Loading Quality Profile State from path: /config/state/sonarr/cf8e90bf9417d236/quality-profile-mappings.json
[19:56:22 DBG] sonarr-anime: Pass 1: guide QP 20e0fc959f1f1704bed501f23bdae76f (Remux-1080p - Anime), exact cached ID: 7
[19:56:22 DBG] sonarr-anime: Updates for profile Remux-1080p - Anime
[19:56:22 DBG] sonarr-anime: Name: Remux-1080p - Anime -> Remux-1080p - Anime
[19:56:22 DBG] sonarr-anime: Upgrade Allowed: True -> True
[19:56:22 DBG] sonarr-anime: Cutoff: Bluray-1080p -> Bluray 1080p
[19:56:22 DBG] sonarr-anime: Cutoff Score: 10000 -> 10000
[19:56:22 DBG] sonarr-anime: Minimum Score: 100 -> 100
[19:56:22 DBG] sonarr-anime: Minimum Upgrade Score: 1 -> 1
[19:56:22 DBG] sonarr-anime: HTTP Request: PUT http://redacted:8989/api/v3/qualityprofile/7
[19:56:22 DBG] sonarr-anime: HTTP Response: 202 PUT http://redacted:8989/api/v3/qualityprofile/7
[19:56:22 DBG] sonarr-anime: Saving Quality Profile State to path /config/state/sonarr/cf8e90bf9417d236/quality-profile-mappings.json
[19:56:22 INF] sonarr-anime: Updated 1 Profiles: ["Remux-1080p - Anime"]
[19:56:22 INF] sonarr-anime: A total of 1 profiles were synced. 1 contain quality changes and 0 contain updated scores
[19:56:22 DBG] sonarr-anime: Pipeline QualityProfile result: Completed
[19:56:22 INF] sonarr-anime: Completed at 03/05/2026 19:56:22
[19:56:22 DBG] Cleaning up logs using max files of 20
pod "recyclarr-log-copy" deleted from media namespace
